###############################################################################
#
# IAR ELF Linker V9.60.3.422/W64 for ARM                  25/Aug/2025  02:58:09
# Copyright 2007-2024 IAR Systems AB.
#
#    Output file  =
#        D:\Documents\work\stm\Display\EWARM\Display\Exe\Display.out
#    Map file     =
#        D:\Documents\work\stm\Display\EWARM\Display\List\Display.map
#    Command line =
#        -f D:\Documents\work\stm\Display\EWARM\Display\Exe\Display.out.rsp
#        (D:\Documents\work\stm\Display\EWARM\Display\Obj\src_5429682818773648819.dir\fonts.o
#        D:\Documents\work\stm\Display\EWARM\Display\Obj\Core_13247989168731456611.dir\main.o
#        D:\Documents\work\stm\Display\EWARM\Display\Obj\src_5429682818773648819.dir\MySH1106.o
#        D:\Documents\work\stm\Display\EWARM\Display\Obj\EWARM_18443280873093131863.dir\startup_stm32f072xb.o
#        D:\Documents\work\stm\Display\EWARM\Display\Obj\STM32F0xx_HAL_Driver_12736992878974344111.dir\stm32f0xx_hal.o
#        D:\Documents\work\stm\Display\EWARM\Display\Obj\STM32F0xx_HAL_Driver_12736992878974344111.dir\stm32f0xx_hal_cortex.o
#        D:\Documents\work\stm\Display\EWARM\Display\Obj\STM32F0xx_HAL_Driver_12736992878974344111.dir\stm32f0xx_hal_dma.o
#        D:\Documents\work\stm\Display\EWARM\Display\Obj\STM32F0xx_HAL_Driver_12736992878974344111.dir\stm32f0xx_hal_exti.o
#        D:\Documents\work\stm\Display\EWARM\Display\Obj\STM32F0xx_HAL_Driver_12736992878974344111.dir\stm32f0xx_hal_flash.o
#        D:\Documents\work\stm\Display\EWARM\Display\Obj\STM32F0xx_HAL_Driver_12736992878974344111.dir\stm32f0xx_hal_flash_ex.o
#        D:\Documents\work\stm\Display\EWARM\Display\Obj\STM32F0xx_HAL_Driver_12736992878974344111.dir\stm32f0xx_hal_gpio.o
#        D:\Documents\work\stm\Display\EWARM\Display\Obj\STM32F0xx_HAL_Driver_12736992878974344111.dir\stm32f0xx_hal_i2c.o
#        D:\Documents\work\stm\Display\EWARM\Display\Obj\STM32F0xx_HAL_Driver_12736992878974344111.dir\stm32f0xx_hal_i2c_ex.o
#        D:\Documents\work\stm\Display\EWARM\Display\Obj\Core_13247989168731456611.dir\stm32f0xx_hal_msp.o
#        D:\Documents\work\stm\Display\EWARM\Display\Obj\STM32F0xx_HAL_Driver_12736992878974344111.dir\stm32f0xx_hal_pwr.o
#        D:\Documents\work\stm\Display\EWARM\Display\Obj\STM32F0xx_HAL_Driver_12736992878974344111.dir\stm32f0xx_hal_pwr_ex.o
#        D:\Documents\work\stm\Display\EWARM\Display\Obj\STM32F0xx_HAL_Driver_12736992878974344111.dir\stm32f0xx_hal_rcc.o
#        D:\Documents\work\stm\Display\EWARM\Display\Obj\STM32F0xx_HAL_Driver_12736992878974344111.dir\stm32f0xx_hal_rcc_ex.o
#        D:\Documents\work\stm\Display\EWARM\Display\Obj\Core_13247989168731456611.dir\stm32f0xx_it.o
#        D:\Documents\work\stm\Display\EWARM\Display\Obj\CMSIS_6603591812247902717.dir\system_stm32f0xx.o
#        D:\Documents\work\stm\Display\EWARM\Display\Obj\src_5429682818773648819.dir\tree.o
#        --no_out_extension -o
#        D:\Documents\work\stm\Display\EWARM\Display\Exe\Display.out --redirect
#        _Printf=_PrintfFullNoMb --redirect _Scanf=_ScanfFullNoMb --map
#        D:\Documents\work\stm\Display\EWARM\Display\List\Display.map --config
#        D:\Documents\work\stm\Display\EWARM/stm32f072xb_flash.icf
#        --semihosting --entry __iar_program_start --vfe --text_out locale
#        --cpu=Cortex-M0 --fpu=None) --dependencies=n
#        D:\Documents\work\stm\Display\EWARM\Display\Exe\Display.out.iar_deps
#
###############################################################################

*******************************************************************************
*** RUNTIME MODEL ATTRIBUTES
***

CppFlavor       = *
__CPP_Runtime   = 1
__SystemLibrary = DLib
__dlib_version  = 6


*******************************************************************************
*** HEAP SELECTION
***

The basic heap was selected because --advanced_heap
was not specified and the application did not appear to
be primarily optimized for speed.


*******************************************************************************
*** PLACEMENT SUMMARY
***

"A0":  place at address 0x800'0000 { ro section .intvec };
"P1":  place in [from 0x800'0000 to 0x801'ffff] { ro };
define block CSTACK with size = 1K, alignment = 8 { };
define block HEAP with size = 512, alignment = 8 { };
"P2":  place in [from 0x2000'0000 to 0x2000'3fff] {
          rw, block CSTACK, block HEAP };
initialize by copy { rw };

  Section            Kind         Address  Alignment    Size  Object
  -------            ----         -------  ---------    ----  ------
"A0":                                                   0xc0
  .intvec            ro code   0x800'0000          4    0xc0  startup_stm32f072xb.o [3]
                             - 0x800'00c0               0xc0

"P1":                                                 0x4a1d
  .text              ro code   0x800'00c0          4  0x13a4  stm32f0xx_hal_i2c.o [4]
  .text              ro code   0x800'1464          4    0xdc  stm32f0xx_hal_msp.o [2]
  .text              ro code   0x800'1540          4     0xc  stm32f0xx_hal.o [4]
  .text              ro code   0x800'154c          4   0x214  stm32f0xx_hal_dma.o [4]
  .text              ro code   0x800'1760          2     0x2  stm32f0xx_hal_i2c.o [4]
  .text              ro code   0x800'1762          2     0xa  xsprout.o [6]
  .text              ro code   0x800'176c          4   0x71c  MySH1106.o [5]
  .text              ro code   0x800'1e88          2     0x2  stm32f0xx_hal_i2c.o [4]
  .text              ro code   0x800'1e8a          2     0x2  stm32f0xx_hal_i2c.o [4]
  .text              ro code   0x800'1e8c          2     0x2  stm32f0xx_hal_i2c.o [4]
  .text              ro code   0x800'1e8e          2     0x2  stm32f0xx_hal_i2c.o [4]
  .text              ro code   0x800'1e90          2     0x2  stm32f0xx_hal_i2c.o [4]
  .text              ro code   0x800'1e92          2     0x2  stm32f0xx_hal_i2c.o [4]
  .text              ro code   0x800'1e94          2     0x2  stm32f0xx_hal_i2c.o [4]
  .text              ro code   0x800'1e96          2     0x2  stm32f0xx_hal_i2c.o [4]
  .text              ro code   0x800'1e98          4    0x10  ABImemset_small.o [8]
  .text              ro code   0x800'1ea8          4   0x1c0  stm32f0xx_hal_gpio.o [4]
  .text              ro code   0x800'2068          4   0x17e  main.o [2]
  .rodata            const     0x800'21e6          2     0x2  xlocale_c.o [6]
  .text              ro code   0x800'21e8          4    0x8c  stm32f0xx_hal_cortex.o [4]
  .text              ro code   0x800'2274          4    0x5e  I32DivMod.o [8]
  .text              ro code   0x800'22d2          2     0x2  startup_stm32f072xb.o [3]
  .text              ro code   0x800'22d4          4    0x4e  ABImemcpy.o [8]
  .text              ro code   0x800'2322          2     0x2  startup_stm32f072xb.o [3]
  .text              ro code   0x800'2324          4    0x40  sprintf.o [6]
  .text              ro code   0x800'2364          4    0x20  stm32f0xx_hal.o [4]
  .text              ro code   0x800'2384          4    0x8c  stm32f0xx_hal_i2c_ex.o [4]
  .text              ro code   0x800'2410          4   0x5c4  stm32f0xx_hal_rcc.o [4]
  .text              ro code   0x800'29d4          4     0x2  IntDivZer.o [8]
  .text              ro code   0x800'29d6          2     0x2  startup_stm32f072xb.o [3]
  .text              ro code   0x800'29d8          4   0xf86  xprintffull_nomb.o [6]
  .text              ro code   0x800'395e          2     0x2  startup_stm32f072xb.o [3]
  .text              ro code   0x800'3960          4    0x44  stm32f0xx_hal.o [4]
  .text              ro code   0x800'39a4          4    0x12  strchr.o [8]
  .text              ro code   0x800'39b6          2     0x2  startup_stm32f072xb.o [3]
  .text              ro code   0x800'39b8          4    0x48  xfail_s.o [6]
  .text              ro code   0x800'3a00          4     0xe  strlen.o [8]
  .text              ro code   0x800'3a0e          2     0x2  startup_stm32f072xb.o [3]
  .text              ro code   0x800'3a10          4    0x16  memchr.o [8]
  .text              ro code   0x800'3a26          2    0x2a  frexp.o [7]
  .text              ro code   0x800'3a50          2    0x32  DblCmpLe.o [7]
  .text              ro code   0x800'3a82          2    0x32  DblCmpGe.o [7]
  .text              ro code   0x800'3ab4          2    0x70  ldexp.o [7]
  .text              ro code   0x800'3b24          4    0x52  DblToI32.o [7]
  .text              ro code   0x800'3b76          2     0x2  startup_stm32f072xb.o [3]
  .text              ro code   0x800'3b78          4    0x34  IxxToDbl.o [7]
  .text              ro code   0x800'3bac          2   0x1a8  DblAddSub.o [7]
  .text              ro code   0x800'3d54          2    0xc2  DblDiv.o [7]
  .text              ro code   0x800'3e16          2   0x184  DblMul.o [7]
  .text              ro code   0x800'3f9a          2     0x2  startup_stm32f072xb.o [3]
  .text              ro code   0x800'3f9c          4     0xc  xlocale_c.o [6]
  .text              ro code   0x800'3fa8          2    0x7c  I64DivMod.o [8]
  .text              ro code   0x800'4024          2     0xa  abort.o [6]
  .text              ro code   0x800'402e          2     0x2  startup_stm32f072xb.o [3]
  .text              ro code   0x800'4030          4     0x2  I64DivZer.o [8]
  .text              ro code   0x800'4032          2     0x2  startup_stm32f072xb.o [3]
  .text              ro code   0x800'4034          4    0x14  exit.o [9]
  .rodata            const     0x800'4048          4   0x76c  fonts.o [5]
  .text              ro code   0x800'47b4          4    0x84  stm32f0xx_it.o [2]
  .text              ro code   0x800'4838          4    0x10  stm32f0xx_hal.o [4]
  .text              ro code   0x800'4848          2    0x80  lz77_init_single.o [8]
  .rodata            const     0x800'48c8          4    0x6a  xprintffull_nomb.o [6]
  .text              ro code   0x800'4932          2    0x3c  zero_init3.o [8]
  .text              ro code   0x800'496e          2     0x2  startup_stm32f072xb.o [3]
  .text              ro code   0x800'4970          4    0x28  data_init.o [8]
  .iar.init_table    const     0x800'4998          4    0x20  - Linker created -
  .text              ro code   0x800'49b8          4    0x1e  cmain.o [8]
  .text              ro code   0x800'49d6          2     0x4  low_level_init.o [6]
  .text              ro code   0x800'49da          2     0x8  exit.o [6]
  .text              ro code   0x800'49e2          2     0x2  startup_stm32f072xb.o [3]
  .text              ro code   0x800'49e4          4     0xa  cexit.o [8]
  .text              ro code   0x800'49ee          2     0x2  startup_stm32f072xb.o [3]
  .text              ro code   0x800'49f0          4    0x1c  cstartup_M.o [8]
  .text              ro code   0x800'4a0c          4    0x14  system_stm32f0xx.o [1]
  .text              ro code   0x800'4a20          4    0x10  startup_stm32f072xb.o [3]
  .text              ro code   0x800'4a30          2     0x2  startup_stm32f072xb.o [3]
  .text              ro code   0x800'4a32          2     0x2  startup_stm32f072xb.o [3]
  .text              ro code   0x800'4a34          2     0x2  startup_stm32f072xb.o [3]
  .text              ro code   0x800'4a36          2     0x2  startup_stm32f072xb.o [3]
  .text              ro code   0x800'4a38          2     0x2  startup_stm32f072xb.o [3]
  .text              ro code   0x800'4a3a          2     0x2  startup_stm32f072xb.o [3]
  .text              ro code   0x800'4a3c          2     0x2  startup_stm32f072xb.o [3]
  .text              ro code   0x800'4a3e          2     0x2  startup_stm32f072xb.o [3]
  .text              ro code   0x800'4a40          2     0x2  startup_stm32f072xb.o [3]
  .text              ro code   0x800'4a42          2     0x2  startup_stm32f072xb.o [3]
  .text              ro code   0x800'4a44          2     0x2  startup_stm32f072xb.o [3]
  .text              ro code   0x800'4a46          2     0x2  startup_stm32f072xb.o [3]
  .text              ro code   0x800'4a48          2     0x2  startup_stm32f072xb.o [3]
  .text              ro code   0x800'4a4a          2     0x2  startup_stm32f072xb.o [3]
  .text              ro code   0x800'4a4c          2     0x2  startup_stm32f072xb.o [3]
  .text              ro code   0x800'4a4e          2     0x2  startup_stm32f072xb.o [3]
  .rodata            const     0x800'4a50                0x1  xlocale_c.o [6]
  .rodata            const     0x800'4a51                0x0  zero_init3.o [8]
  .rodata            const     0x800'4a51                0x0  lz77_init_single.o [8]
  Initializer bytes  const     0x800'4a51               0x8c  <for P2-1>
                             - 0x800'4add             0x4a1d

"P2", part 1 of 3:                                      0xf0
  P2-1                        0x2000'0000               0xf0  <Init block>
    .data            inited   0x2000'0000          4     0x8  fonts.o [5]
    .data            inited   0x2000'0008          4    0x88  MySH1106.o [5]
    .data            inited   0x2000'0090          4    0x10  MySH1106.o [5]
    .data            inited   0x2000'00a0          4     0x8  MySH1106.o [5]
    .data            inited   0x2000'00a8          4     0xc  stm32f0xx_hal.o [4]
    .data            inited   0x2000'00b4          4     0x4  system_stm32f0xx.o [1]
    .data            inited   0x2000'00b8          4    0x38  xlocale_c.o [6]
                            - 0x2000'00f0               0xf0

"P2", part 2 of 3:                                     0x52c
  .bss               zero     0x2000'00f0          4   0x400  MySH1106.o [5]
  .bss               zero     0x2000'04f0          4    0x88  MySH1106.o [5]
  .bss               zero     0x2000'0578          4    0x54  main.o [2]
  .bss               zero     0x2000'05cc          4    0x44  main.o [2]
  .bss               zero     0x2000'0610          4     0x8  MySH1106.o [5]
  .bss               zero     0x2000'0618          4     0x4  xfail_s.o [6]
                            - 0x2000'061c              0x52c

"P2", part 3 of 3:                                     0x400
  CSTACK                      0x2000'0620          8   0x400  <Block>
    CSTACK           uninit   0x2000'0620              0x400  <Block tail>
                            - 0x2000'0a20              0x400

Unused ranges:

         From           To      Size
         ----           --      ----
   0x800'4add   0x801'ffff  0x1'b523
  0x2000'061c  0x2000'061f       0x4
  0x2000'0a20  0x2000'3fff    0x35e0


*******************************************************************************
*** INIT TABLE
***

          Address      Size
          -------      ----
Zero (__iar_zero_init3)
    1 destination range, total size 0x52c:
          0x2000'00f0  0x52c

Copy/lz77 (__iar_lz77_init_single3)
    1 source range, total size 0x8c (58% of destination):
           0x800'4a51   0x8c
    1 destination range, total size 0xf0:
          0x2000'0000   0xf0



*******************************************************************************
*** MODULE SUMMARY
***

    Module                  ro code  ro data  rw data
    ------                  -------  -------  -------
command line/config:
    -------------------------------------------------
    Total:

D:\Documents\work\stm\Display\EWARM\Display\Obj\CMSIS_6603591812247902717.dir: [1]
    system_stm32f0xx.o           20        2        4
    -------------------------------------------------
    Total:                       20        2        4

D:\Documents\work\stm\Display\EWARM\Display\Obj\Core_13247989168731456611.dir: [2]
    main.o                      382               152
    stm32f0xx_hal_msp.o         220
    stm32f0xx_it.o              132
    -------------------------------------------------
    Total:                      734               152

D:\Documents\work\stm\Display\EWARM\Display\Obj\EWARM_18443280873093131863.dir: [3]
    startup_stm32f072xb.o       266
    -------------------------------------------------
    Total:                      266

D:\Documents\work\stm\Display\EWARM\Display\Obj\STM32F0xx_HAL_Driver_12736992878974344111.dir: [4]
    stm32f0xx_hal.o             128        7       12
    stm32f0xx_hal_cortex.o      140
    stm32f0xx_hal_dma.o         532
    stm32f0xx_hal_gpio.o        448
    stm32f0xx_hal_i2c.o       5'046
    stm32f0xx_hal_i2c_ex.o      140
    stm32f0xx_hal_rcc.o       1'476
    -------------------------------------------------
    Total:                    7'910        7       12

D:\Documents\work\stm\Display\EWARM\Display\Obj\src_5429682818773648819.dir: [5]
    MySH1106.o                1'820       94    1'328
    fonts.o                            1'904        8
    -------------------------------------------------
    Total:                    1'820    1'998    1'336

dl6M_tlf.a: [6]
    abort.o                      10
    exit.o                        8
    low_level_init.o              4
    sprintf.o                    64
    xfail_s.o                    72                 4
    xlocale_c.o                  12       36       56
    xprintffull_nomb.o        3'974      106
    xsprout.o                    10
    -------------------------------------------------
    Total:                    4'154      142       60

m6M_tl.a: [7]
    DblAddSub.o                 424
    DblCmpGe.o                   50
    DblCmpLe.o                   50
    DblDiv.o                    194
    DblMul.o                    388
    DblToI32.o                   82
    IxxToDbl.o                   52
    frexp.o                      42
    ldexp.o                     112
    -------------------------------------------------
    Total:                    1'394

rt6M_tl.a: [8]
    ABImemcpy.o                  78
    ABImemset_small.o            16
    I32DivMod.o                  94
    I64DivMod.o                 124
    I64DivZer.o                   2
    IntDivZer.o                   2
    cexit.o                      10
    cmain.o                      30
    cstartup_M.o                 28
    data_init.o                  40
    lz77_init_single.o          128
    memchr.o                     22
    strchr.o                     18
    strlen.o                     14
    zero_init3.o                 60
    -------------------------------------------------
    Total:                      666

shb_l.a: [9]
    exit.o                       20
    -------------------------------------------------
    Total:                       20

    Linker created                        32    1'024
-----------------------------------------------------
    Grand Total:             16'984    2'181    2'588


*******************************************************************************
*** ENTRY LIST
***

Entry                       Address   Size  Type      Object
-----                       -------   ----  ----      ------
.iar.init_table$$Base    0x800'4998          --   Gb  - Linker created -
.iar.init_table$$Limit   0x800'49b8          --   Gb  - Linker created -
?main                    0x800'49b9         Code  Gb  cmain.o [8]
ADC1_COMP_IRQHandler     0x800'496f         Code  Wk  startup_stm32f072xb.o [3]
AHBPrescTable            0x800'4a10   0x10  Data  Gb  system_stm32f0xx.o [1]
Address_Handle           0x800'1c43   0x36  Code  Gb  MySH1106.o [5]
Address_Render           0x800'1c79   0x36  Code  Gb  MySH1106.o [5]
Address_Screen          0x2000'0080    0x8  Data  Gb  MySH1106.o [5]
CEC_CAN_IRQHandler       0x800'4a4d         Code  Wk  startup_stm32f072xb.o [3]
CSTACK$$Base            0x2000'0620          --   Gb  - Linker created -
CSTACK$$Limit           0x2000'0a20          --   Gb  - Linker created -
Check_Password           0x800'1bd5   0x22  Code  Gb  MySH1106.o [5]
DMA1_Channel1_IRQHandler
                         0x800'402f         Code  Wk  startup_stm32f072xb.o [3]
DMA1_Channel2_3_IRQHandler
                         0x800'4033         Code  Wk  startup_stm32f072xb.o [3]
DMA1_Channel4_5_6_7_IRQHandler
                         0x800'4801    0xa  Code  Gb  stm32f0xx_it.o [2]
DMA_CalcBaseAndBitshift
                         0x800'173d   0x1a  Code  Lc  stm32f0xx_hal_dma.o [4]
DMA_SetConfig            0x800'171b   0x22  Code  Lc  stm32f0xx_hal_dma.o [4]
EXTI0_1_IRQHandler       0x800'3a0f         Code  Wk  startup_stm32f072xb.o [3]
EXTI2_3_IRQHandler       0x800'3b77         Code  Wk  startup_stm32f072xb.o [3]
EXTI4_15_IRQHandler      0x800'47c5   0x3c  Code  Gb  stm32f0xx_it.o [2]
Enter_Correct_Password_Handle
                         0x800'1c2d   0x16  Code  Gb  MySH1106.o [5]
Enter_Correct_Password_Render
                         0x800'1bf9   0x34  Code  Gb  MySH1106.o [5]
Enter_Correct_Password_Screen
                        0x2000'0078    0x8  Data  Gb  MySH1106.o [5]
Error_Handler            0x800'21e3    0x4  Code  Gb  main.o [2]
FLASH_IRQHandler         0x800'395f         Code  Wk  startup_stm32f072xb.o [3]
Font7x10                 0x800'4048  0x76c  Data  Gb  fonts.o [5]
Font_7x10               0x2000'0000    0x8  Data  Gb  fonts.o [5]
HAL_DMA_Abort_IT         0x800'160d   0x48  Code  Gb  stm32f0xx_hal_dma.o [4]
HAL_DMA_GetState         0x800'1715    0x6  Code  Gb  stm32f0xx_hal_dma.o [4]
HAL_DMA_IRQHandler       0x800'1655   0xc0  Code  Gb  stm32f0xx_hal_dma.o [4]
HAL_DMA_Init             0x800'154d   0x4c  Code  Gb  stm32f0xx_hal_dma.o [4]
HAL_DMA_Start_IT         0x800'159d   0x70  Code  Gb  stm32f0xx_hal_dma.o [4]
HAL_GPIO_Init            0x800'1ea9  0x196  Code  Gb  stm32f0xx_hal_gpio.o [4]
HAL_GPIO_WritePin        0x800'203f    0xc  Code  Gb  stm32f0xx_hal_gpio.o [4]
HAL_GetTick              0x800'1541    0xc  Code  Wk  stm32f0xx_hal.o [4]
HAL_I2CEx_ConfigAnalogFilter
                         0x800'2385   0x3a  Code  Gb  stm32f0xx_hal_i2c_ex.o [4]
HAL_I2CEx_ConfigDigitalFilter
                         0x800'23bf   0x36  Code  Gb  stm32f0xx_hal_i2c_ex.o [4]
HAL_I2C_AbortCpltCallback
                         0x800'1e95    0x2  Code  Wk  stm32f0xx_hal_i2c.o [4]
HAL_I2C_AddrCallback     0x800'1761    0x2  Code  Wk  stm32f0xx_hal_i2c.o [4]
HAL_I2C_ER_IRQHandler    0x800'0445   0x5a  Code  Gb  stm32f0xx_hal_i2c.o [4]
HAL_I2C_EV_IRQHandler    0x800'0431   0x14  Code  Gb  stm32f0xx_hal_i2c.o [4]
HAL_I2C_ErrorCallback    0x800'1e97    0x2  Code  Wk  stm32f0xx_hal_i2c.o [4]
HAL_I2C_Init             0x800'00c1   0xb2  Code  Gb  stm32f0xx_hal_i2c.o [4]
HAL_I2C_ListenCpltCallback
                         0x800'1e93    0x2  Code  Wk  stm32f0xx_hal_i2c.o [4]
HAL_I2C_MasterRxCpltCallback
                         0x800'1e89    0x2  Code  Wk  stm32f0xx_hal_i2c.o [4]
HAL_I2C_MasterTxCpltCallback
                         0x800'176d   0x10  Code  Gb  MySH1106.o [5]
HAL_I2C_Master_Transmit
                         0x800'0173  0x15e  Code  Gb  stm32f0xx_hal_i2c.o [4]
HAL_I2C_Master_Transmit_DMA
                         0x800'02f1  0x124  Code  Gb  stm32f0xx_hal_i2c.o [4]
HAL_I2C_MemRxCpltCallback
                         0x800'1e91    0x2  Code  Wk  stm32f0xx_hal_i2c.o [4]
HAL_I2C_MemTxCpltCallback
                         0x800'1e8f    0x2  Code  Wk  stm32f0xx_hal_i2c.o [4]
HAL_I2C_MspInit          0x800'148f   0x9a  Code  Gb  stm32f0xx_hal_msp.o [2]
HAL_I2C_SlaveRxCpltCallback
                         0x800'1e8d    0x2  Code  Wk  stm32f0xx_hal_i2c.o [4]
HAL_I2C_SlaveTxCpltCallback
                         0x800'1e8b    0x2  Code  Wk  stm32f0xx_hal_i2c.o [4]
HAL_IncTick              0x800'4839   0x10  Code  Wk  stm32f0xx_hal.o [4]
HAL_Init                 0x800'2365   0x1a  Code  Gb  stm32f0xx_hal.o [4]
HAL_InitTick             0x800'3961   0x44  Code  Wk  stm32f0xx_hal.o [4]
HAL_MspInit              0x800'1465   0x2a  Code  Gb  stm32f0xx_hal_msp.o [2]
HAL_NVIC_EnableIRQ       0x800'222b   0x12  Code  Gb  stm32f0xx_hal_cortex.o [4]
HAL_NVIC_SetPriority     0x800'2223    0x8  Code  Gb  stm32f0xx_hal_cortex.o [4]
HAL_RCC_ClockConfig      0x800'2831  0x108  Code  Gb  stm32f0xx_hal_rcc.o [4]
HAL_RCC_GetSysClockFreq
                         0x800'293d   0x50  Code  Gb  stm32f0xx_hal_rcc.o [4]
HAL_RCC_GetSysClockFreq::aPLLMULFactorTable
                         0x800'29b4   0x10  Data  Lc  stm32f0xx_hal_rcc.o [4]
HAL_RCC_GetSysClockFreq::aPredivFactorTable
                         0x800'29c4   0x10  Data  Lc  stm32f0xx_hal_rcc.o [4]
HAL_RCC_OscConfig        0x800'2411  0x412  Code  Gb  stm32f0xx_hal_rcc.o [4]
HAL_SYSTICK_Config       0x800'223d   0x28  Code  Gb  stm32f0xx_hal_cortex.o [4]
HardFault_Handler        0x800'47b7    0x2  Code  Gb  stm32f0xx_it.o [2]
I2C1_IRQHandler          0x800'4a41         Code  Wk  startup_stm32f072xb.o [3]
I2C2_IRQHandler          0x800'480b   0x1c  Code  Gb  stm32f0xx_it.o [2]
I2C_DMAAbort             0x800'10ed   0x1c  Code  Lc  stm32f0xx_hal_i2c.o [4]
I2C_DMAError             0x800'10d5   0x18  Code  Lc  stm32f0xx_hal_i2c.o [4]
I2C_DMAMasterTransmitCplt
                         0x800'1067   0x44  Code  Lc  stm32f0xx_hal_i2c.o [4]
I2C_Disable_IRQ          0x800'1401   0x64  Code  Lc  stm32f0xx_hal_i2c.o [4]
I2C_Enable_IRQ           0x800'135b   0x90  Code  Lc  stm32f0xx_hal_i2c.o [4]
I2C_Flush_TXDR           0x800'104b   0x1c  Code  Lc  stm32f0xx_hal_i2c.o [4]
I2C_ITAddrCplt           0x800'0acd   0x9a  Code  Lc  stm32f0xx_hal_i2c.o [4]
I2C_ITError              0x800'0f15   0xfe  Code  Lc  stm32f0xx_hal_i2c.o [4]
I2C_ITListenCplt         0x800'0ea9   0x5e  Code  Lc  stm32f0xx_hal_i2c.o [4]
I2C_ITMasterCplt         0x800'0c19   0xd6  Code  Lc  stm32f0xx_hal_i2c.o [4]
I2C_ITMasterSeqCplt      0x800'0b67   0x48  Code  Lc  stm32f0xx_hal_i2c.o [4]
I2C_ITSlaveCplt          0x800'0cf5  0x1aa  Code  Lc  stm32f0xx_hal_i2c.o [4]
I2C_ITSlaveSeqCplt       0x800'0baf   0x66  Code  Lc  stm32f0xx_hal_i2c.o [4]
I2C_IsErrorOccurred      0x800'1239   0xfc  Code  Lc  stm32f0xx_hal_i2c.o [4]
I2C_Master_ISR_DMA       0x800'0719  0x124  Code  Lc  stm32f0xx_hal_i2c.o [4]
I2C_Master_ISR_IT        0x800'049f  0x144  Code  Lc  stm32f0xx_hal_i2c.o [4]
I2C_Mem_ISR_DMA          0x800'0849  0x15c  Code  Lc  stm32f0xx_hal_i2c.o [4]
I2C_Slave_ISR_DMA        0x800'09a5  0x122  Code  Lc  stm32f0xx_hal_i2c.o [4]
I2C_Slave_ISR_IT         0x800'05ed  0x12a  Code  Lc  stm32f0xx_hal_i2c.o [4]
I2C_TransferConfig       0x800'1335   0x26  Code  Lc  stm32f0xx_hal_i2c.o [4]
I2C_TreatErrorCallback   0x800'101d   0x2e  Code  Lc  stm32f0xx_hal_i2c.o [4]
I2C_WaitOnFlagUntilTimeout
                         0x800'1109   0x7c  Code  Lc  stm32f0xx_hal_i2c.o [4]
I2C_WaitOnSTOPFlagUntilTimeout
                         0x800'11e5   0x54  Code  Lc  stm32f0xx_hal_i2c.o [4]
I2C_WaitOnTXISFlagUntilTimeout
                         0x800'1185   0x60  Code  Lc  stm32f0xx_hal_i2c.o [4]
Information_Handle       0x800'1dd9   0x14  Code  Gb  MySH1106.o [5]
Information_Render       0x800'1dbd   0x1c  Code  Gb  MySH1106.o [5]
Information_Screen      0x2000'0060    0x8  Data  Gb  MySH1106.o [5]
Menu_Handle              0x800'19b1   0x86  Code  Gb  MySH1106.o [5]
Menu_Render              0x800'1a39   0x84  Code  Gb  MySH1106.o [5]
Menu_Screen             0x2000'0068    0x8  Data  Gb  MySH1106.o [5]
NMI_Handler              0x800'47b5    0x2  Code  Gb  stm32f0xx_it.o [2]
PVD_VDDIO2_IRQHandler    0x800'2323         Code  Wk  startup_stm32f072xb.o [3]
Password_Handle          0x800'1ae5   0x7c  Code  Gb  MySH1106.o [5]
Password_Render          0x800'1b61   0x74  Code  Gb  MySH1106.o [5]
Password_Screen         0x2000'0070    0x8  Data  Gb  MySH1106.o [5]
PendSV_Handler           0x800'47bb    0x2  Code  Gb  stm32f0xx_it.o [2]
RCC_CRS_IRQHandler       0x800'39b7         Code  Wk  startup_stm32f072xb.o [3]
RTC_IRQHandler           0x800'29d7         Code  Wk  startup_stm32f072xb.o [3]
Region$$Table$$Base      0x800'4998          --   Gb  - Linker created -
Region$$Table$$Limit     0x800'49b8          --   Gb  - Linker created -
Reset_Handler            0x800'4a21         Code  Wk  startup_stm32f072xb.o [3]
SH1106                  0x2000'0010    0x4  Data  Gb  MySH1106.o [5]
SH1106_Clear_Frame_Buffer
                         0x800'180b    0xe  Code  Gb  MySH1106.o [5]
SH1106_DrawHorizontalLine
                         0x800'1909   0x2a  Code  Gb  MySH1106.o [5]
SH1106_DrawPixel         0x800'1819   0x30  Code  Gb  MySH1106.o [5]
SH1106_DrawUpArrow       0x800'1933   0x46  Code  Gb  MySH1106.o [5]
SH1106_I2C_Update_Frame_loop
                         0x800'17c7   0x36  Code  Gb  MySH1106.o [5]
SH1106_I2C_Update_Page_Buffer
                         0x800'17ad   0x1a  Code  Gb  MySH1106.o [5]
SH1106_Init              0x800'1795   0x18  Code  Gb  MySH1106.o [5]
SH1106_Init_Page_Buffer
                         0x800'177d   0x18  Code  Gb  MySH1106.o [5]
SH1106_Putc              0x800'1849   0x9c  Code  Gb  MySH1106.o [5]
SH1106_Puts              0x800'18e5   0x24  Code  Gb  MySH1106.o [5]
SH1106_Start_Update      0x800'17fd    0xe  Code  Gb  MySH1106.o [5]
SPI1_IRQHandler          0x800'4a43         Code  Wk  startup_stm32f072xb.o [3]
SPI2_IRQHandler          0x800'4a45         Code  Wk  startup_stm32f072xb.o [3]
SVC_Handler              0x800'47b9    0x2  Code  Gb  stm32f0xx_it.o [2]
Speed_Handle             0x800'1cb5   0x3a  Code  Gb  MySH1106.o [5]
Speed_Render             0x800'1cfd   0x3c  Code  Gb  MySH1106.o [5]
Speed_Screen            0x2000'0088    0x8  Data  Gb  MySH1106.o [5]
Splash_Screen_Loop       0x800'1d39   0x3c  Code  Gb  MySH1106.o [5]
Switch_Screens_Loop      0x800'1979   0x20  Code  Gb  MySH1106.o [5]
SysTick_Handler          0x800'47bd    0x8  Code  Gb  stm32f0xx_it.o [2]
SystemClock_Config       0x800'2191   0x52  Code  Gb  main.o [2]
SystemCoreClock         0x2000'00b4    0x4  Data  Gb  system_stm32f0xx.o [1]
SystemInit               0x800'4a0d    0x2  Code  Gb  system_stm32f0xx.o [1]
TIM14_IRQHandler         0x800'4a39         Code  Wk  startup_stm32f072xb.o [3]
TIM15_IRQHandler         0x800'4a3b         Code  Wk  startup_stm32f072xb.o [3]
TIM16_IRQHandler         0x800'4a3d         Code  Wk  startup_stm32f072xb.o [3]
TIM17_IRQHandler         0x800'4a3f         Code  Wk  startup_stm32f072xb.o [3]
TIM1_BRK_UP_TRG_COM_IRQHandler
                         0x800'49e3         Code  Wk  startup_stm32f072xb.o [3]
TIM1_CC_IRQHandler       0x800'49ef         Code  Wk  startup_stm32f072xb.o [3]
TIM2_IRQHandler          0x800'4a31         Code  Wk  startup_stm32f072xb.o [3]
TIM3_IRQHandler          0x800'4a33         Code  Wk  startup_stm32f072xb.o [3]
TIM6_DAC_IRQHandler      0x800'4a35         Code  Wk  startup_stm32f072xb.o [3]
TIM7_IRQHandler          0x800'4a37         Code  Wk  startup_stm32f072xb.o [3]
TSC_IRQHandler           0x800'3f9b         Code  Wk  startup_stm32f072xb.o [3]
USART1_IRQHandler        0x800'4a47         Code  Wk  startup_stm32f072xb.o [3]
USART2_IRQHandler        0x800'4a49         Code  Wk  startup_stm32f072xb.o [3]
USART3_4_IRQHandler      0x800'4a4b         Code  Wk  startup_stm32f072xb.o [3]
USB_IRQHandler           0x800'4a4f         Code  Wk  startup_stm32f072xb.o [3]
WWDG_IRQHandler          0x800'22d3         Code  Wk  startup_stm32f072xb.o [3]
Welcome_Handle           0x800'1d79    0x2  Code  Gb  MySH1106.o [5]
Welcome_Render           0x800'1d7d   0x40  Code  Gb  MySH1106.o [5]
Welcome_Screen          0x2000'00a0    0x8  Data  Gb  MySH1106.o [5]
_LC                      0x800'29d9    0x8  Code  Lc  xprintffull_nomb.o [6]
_LitobFullNoMb           0x800'37b9  0x124  Code  Lc  xprintffull_nomb.o [6]
_Locale_lconv           0x2000'00b8   0x38  Data  Lc  xlocale_c.o [6]
_PrintfFullNoMb          0x800'29e1  0xdd8  Code  Gb  xprintffull_nomb.o [6]
_PutcharsFullNoMb        0x800'3929   0x36  Code  Lc  xprintffull_nomb.o [6]
_SProut                  0x800'1763    0xa  Code  Gb  xsprout.o [6]
__ICFEDIT_region_RAM_end__ {Abs}
                        0x2000'3fff          --   Gb  <internal module>
__ICFEDIT_region_RAM_start__ {Abs}
                        0x2000'0000          --   Gb  <internal module>
__NVIC_SetPriority       0x800'21e9   0x3a  Code  Lc  stm32f0xx_hal_cortex.o [4]
__aeabi_cdcmple          0x800'3a51         Code  Gb  DblCmpLe.o [7]
__aeabi_cdrcmple         0x800'3a83         Code  Gb  DblCmpGe.o [7]
__aeabi_d2iz             0x800'3b25         Code  Gb  DblToI32.o [7]
__aeabi_d2uiz            0x800'3b49         Code  Gb  DblToI32.o [7]
__aeabi_ddiv             0x800'3d55         Code  Gb  DblDiv.o [7]
__aeabi_dmul             0x800'3e17         Code  Gb  DblMul.o [7]
__aeabi_dsub             0x800'3c67         Code  Gb  DblAddSub.o [7]
__aeabi_i2d              0x800'3b99         Code  Gb  IxxToDbl.o [7]
__aeabi_idiv0            0x800'29d5         Code  Gb  IntDivZer.o [8]
__aeabi_ldiv0            0x800'4031         Code  Gb  I64DivZer.o [8]
__aeabi_memcpy           0x800'2309         Code  Gb  ABImemcpy.o [8]
__aeabi_memcpy4          0x800'22d5         Code  Gb  ABImemcpy.o [8]
__aeabi_memcpy8          0x800'22d5         Code  Gb  ABImemcpy.o [8]
__aeabi_ui2d             0x800'3b79         Code  Gb  IxxToDbl.o [7]
__aeabi_uldivmod         0x800'3fa9         Code  Gb  I64DivMod.o [8]
__cmain                  0x800'49b9         Code  Gb  cmain.o [8]
__exit                   0x800'4035   0x14  Code  Gb  exit.o [9]
__iar_Fail_s             0x800'39b9   0x22  Code  Gb  xfail_s.o [6]
__iar_Memchr             0x800'3a11         Code  Gb  memchr.o [8]
__iar_Memcpy             0x800'2315         Code  Gb  ABImemcpy.o [8]
__iar_Strchr             0x800'39a5         Code  Gb  strchr.o [8]
__iar_d2uiz              0x800'3b4d         Code  Gb  DblToI32.o [7]
__iar_data_init3         0x800'4971   0x28  Code  Gb  data_init.o [8]
__iar_frexp              0x800'3a33         Code  Gb  frexp.o [7]
__iar_frexp64            0x800'3a27         Code  Gb  frexp.o [7]
__iar_frexpl             0x800'3a33         Code  Gb  frexp.o [7]
__iar_ldexp64            0x800'3ab5         Code  Gb  ldexp.o [7]
__iar_lz77_init_single3
                         0x800'4849   0x80  Code  Gb  lz77_init_single.o [8]
__iar_program_start      0x800'49f1         Code  Gb  cstartup_M.o [8]
__iar_scalbln64          0x800'3ab5         Code  Gb  ldexp.o [7]
__iar_scalbn64           0x800'3ab5         Code  Gb  ldexp.o [7]
__iar_small_Memset4_word
                         0x800'1e9d         Code  Gb  ABImemset_small.o [8]
__iar_small_Memset_word
                         0x800'1e9d         Code  Gb  ABImemset_small.o [8]
__iar_small_idiv         0x800'2275         Code  Gb  I32DivMod.o [8]
__iar_small_idivmod      0x800'2275         Code  Gb  I32DivMod.o [8]
__iar_small_memclr       0x800'1e99         Code  Gb  ABImemset_small.o [8]
__iar_small_memclr4      0x800'1e99         Code  Gb  ABImemset_small.o [8]
__iar_small_memclr8      0x800'1e99         Code  Gb  ABImemset_small.o [8]
__iar_small_memset       0x800'1e9d         Code  Gb  ABImemset_small.o [8]
__iar_small_memset4      0x800'1e9d         Code  Gb  ABImemset_small.o [8]
__iar_small_memset8      0x800'1e9d         Code  Gb  ABImemset_small.o [8]
__iar_small_uidiv        0x800'229d         Code  Gb  I32DivMod.o [8]
__iar_small_uidivmod     0x800'229d         Code  Gb  I32DivMod.o [8]
__iar_zero_init3         0x800'4933   0x3c  Code  Gb  zero_init3.o [8]
__low_level_init         0x800'49d7    0x4  Code  Gb  low_level_init.o [6]
__vector_table           0x800'0000         Data  Gb  startup_stm32f072xb.o [3]
_call_main               0x800'49c5         Code  Gb  cmain.o [8]
_exit                    0x800'49e5         Code  Gb  cexit.o [8]
abort                    0x800'4025    0xa  Code  Gb  abort.o [6]
address                 0x2000'000c    0x1  Data  Gb  MySH1106.o [5]
baud_rates              0x2000'0038   0x20  Data  Gb  MySH1106.o [5]
current_button          0x2000'0008    0x1  Data  Gb  MySH1106.o [5]
current_page            0x2000'0614    0x4  Data  Gb  MySH1106.o [5]
current_position_in_menu
                        0x2000'0009    0x1  Data  Gb  MySH1106.o [5]
current_position_password
                        0x2000'000a    0x1  Data  Gb  MySH1106.o [5]
current_screen          0x2000'0014    0x4  Data  Gb  MySH1106.o [5]
current_speed           0x2000'0058    0x4  Data  Gb  MySH1106.o [5]
dma_page_buffer         0x2000'04f0   0x88  Data  Gb  MySH1106.o [5]
exit                     0x800'49db    0x8  Code  Gb  exit.o [6]
frame_buffer            0x2000'00f0  0x400  Data  Gb  MySH1106.o [5]
frexp                    0x800'3a27         Code  Gb  frexp.o [7]
frexpl                   0x800'3a27         Code  Gb  frexp.o [7]
hdma_i2c2_tx            0x2000'05cc   0x44  Data  Gb  main.o [2]
hi2c2                   0x2000'0578   0x54  Data  Gb  main.o [2]
init_array              0x2000'0090   0x10  Data  Gb  MySH1106.o [5]
ldexp                    0x800'3ab5         Code  Gb  ldexp.o [7]
ldexpl                   0x800'3ab5         Code  Gb  ldexp.o [7]
localeconv               0x800'3f9d    0x4  Code  Gb  xlocale_c.o [6]
main                     0x800'2069  0x10a  Code  Gb  main.o [2]
memchr                   0x800'3a11         Code  Gb  memchr.o [8]
password                0x2000'0018   0x20  Data  Gb  MySH1106.o [5]
password_state          0x2000'000b    0x1  Data  Gb  MySH1106.o [5]
scalbln                  0x800'3ab5         Code  Gb  ldexp.o [7]
scalblnl                 0x800'3ab5         Code  Gb  ldexp.o [7]
scalbn                   0x800'3ab5         Code  Gb  ldexp.o [7]
scalbnl                  0x800'3ab5         Code  Gb  ldexp.o [7]
scale                    0x800'38dd   0x44  Code  Lc  xprintffull_nomb.o [6]
sec_hand                0x2000'0618    0x4  Data  Lc  xfail_s.o [6]
splash_drawn            0x2000'000d    0x1  Data  Gb  MySH1106.o [5]
splash_start_time       0x2000'005c    0x4  Data  Gb  MySH1106.o [5]
sprintf                  0x800'2325   0x40  Code  Gb  sprintf.o [6]
strchr                   0x800'39a5         Code  Gb  strchr.o [8]
strlen                   0x800'3a01         Code  Gb  strlen.o [8]
tx_complete_flag        0x2000'0610    0x1  Data  Gb  MySH1106.o [5]
tx_in_process           0x2000'0611    0x1  Data  Gb  MySH1106.o [5]
uwTick                  0x2000'00ac    0x4  Data  Gb  stm32f0xx_hal.o [4]
uwTickFreq              0x2000'00a8    0x1  Data  Gb  stm32f0xx_hal.o [4]
uwTickPrio              0x2000'00b0    0x4  Data  Gb  stm32f0xx_hal.o [4]


[1] = D:\Documents\work\stm\Display\EWARM\Display\Obj\CMSIS_6603591812247902717.dir
[2] = D:\Documents\work\stm\Display\EWARM\Display\Obj\Core_13247989168731456611.dir
[3] = D:\Documents\work\stm\Display\EWARM\Display\Obj\EWARM_18443280873093131863.dir
[4] = D:\Documents\work\stm\Display\EWARM\Display\Obj\STM32F0xx_HAL_Driver_12736992878974344111.dir
[5] = D:\Documents\work\stm\Display\EWARM\Display\Obj\src_5429682818773648819.dir
[6] = dl6M_tlf.a
[7] = m6M_tl.a
[8] = rt6M_tl.a
[9] = shb_l.a

  16'984 bytes of readonly  code memory
   2'181 bytes of readonly  data memory
   2'588 bytes of readwrite data memory

Errors: none
Warnings: none
