###############################################################################
#
# IAR ELF Linker V9.60.3.422/W64 for ARM                  13/Aug/2025  05:22:59
# Copyright 2007-2024 IAR Systems AB.
#
#    Output file  =
#        D:\Documents\work\stm\Display\EWARM\Display\Exe\Display.out
#    Map file     =
#        D:\Documents\work\stm\Display\EWARM\Display\List\Display.map
#    Command line =
#        -f D:\Documents\work\stm\Display\EWARM\Display\Exe\Display.out.rsp
#        (D:\Documents\work\stm\Display\EWARM\Display\Obj\src_5429682818773648819.dir\fonts.o
#        D:\Documents\work\stm\Display\EWARM\Display\Obj\Core_13247989168731456611.dir\main.o
#        D:\Documents\work\stm\Display\EWARM\Display\Obj\src_5429682818773648819.dir\MySH1106.o
#        D:\Documents\work\stm\Display\EWARM\Display\Obj\EWARM_18443280873093131863.dir\startup_stm32f072xb.o
#        D:\Documents\work\stm\Display\EWARM\Display\Obj\STM32F0xx_HAL_Driver_12736992878974344111.dir\stm32f0xx_hal.o
#        D:\Documents\work\stm\Display\EWARM\Display\Obj\STM32F0xx_HAL_Driver_12736992878974344111.dir\stm32f0xx_hal_cortex.o
#        D:\Documents\work\stm\Display\EWARM\Display\Obj\STM32F0xx_HAL_Driver_12736992878974344111.dir\stm32f0xx_hal_dma.o
#        D:\Documents\work\stm\Display\EWARM\Display\Obj\STM32F0xx_HAL_Driver_12736992878974344111.dir\stm32f0xx_hal_exti.o
#        D:\Documents\work\stm\Display\EWARM\Display\Obj\STM32F0xx_HAL_Driver_12736992878974344111.dir\stm32f0xx_hal_flash.o
#        D:\Documents\work\stm\Display\EWARM\Display\Obj\STM32F0xx_HAL_Driver_12736992878974344111.dir\stm32f0xx_hal_flash_ex.o
#        D:\Documents\work\stm\Display\EWARM\Display\Obj\STM32F0xx_HAL_Driver_12736992878974344111.dir\stm32f0xx_hal_gpio.o
#        D:\Documents\work\stm\Display\EWARM\Display\Obj\STM32F0xx_HAL_Driver_12736992878974344111.dir\stm32f0xx_hal_i2c.o
#        D:\Documents\work\stm\Display\EWARM\Display\Obj\STM32F0xx_HAL_Driver_12736992878974344111.dir\stm32f0xx_hal_i2c_ex.o
#        D:\Documents\work\stm\Display\EWARM\Display\Obj\Core_13247989168731456611.dir\stm32f0xx_hal_msp.o
#        D:\Documents\work\stm\Display\EWARM\Display\Obj\STM32F0xx_HAL_Driver_12736992878974344111.dir\stm32f0xx_hal_pwr.o
#        D:\Documents\work\stm\Display\EWARM\Display\Obj\STM32F0xx_HAL_Driver_12736992878974344111.dir\stm32f0xx_hal_pwr_ex.o
#        D:\Documents\work\stm\Display\EWARM\Display\Obj\STM32F0xx_HAL_Driver_12736992878974344111.dir\stm32f0xx_hal_rcc.o
#        D:\Documents\work\stm\Display\EWARM\Display\Obj\STM32F0xx_HAL_Driver_12736992878974344111.dir\stm32f0xx_hal_rcc_ex.o
#        D:\Documents\work\stm\Display\EWARM\Display\Obj\Core_13247989168731456611.dir\stm32f0xx_it.o
#        D:\Documents\work\stm\Display\EWARM\Display\Obj\CMSIS_6603591812247902717.dir\system_stm32f0xx.o
#        D:\Documents\work\stm\Display\EWARM\Display\Obj\src_5429682818773648819.dir\tree.o
#        --no_out_extension -o
#        D:\Documents\work\stm\Display\EWARM\Display\Exe\Display.out --redirect
#        _Printf=_PrintfFullNoMb --redirect _Scanf=_ScanfFullNoMb --map
#        D:\Documents\work\stm\Display\EWARM\Display\List\Display.map --config
#        D:\Documents\work\stm\Display\EWARM/stm32f072xb_flash.icf
#        --semihosting --entry __iar_program_start --vfe --text_out locale
#        --cpu=Cortex-M0 --fpu=None) --dependencies=n
#        D:\Documents\work\stm\Display\EWARM\Display\Exe\Display.out.iar_deps
#
###############################################################################

*******************************************************************************
*** RUNTIME MODEL ATTRIBUTES
***

CppFlavor       = *
__CPP_Runtime   = 1
__SystemLibrary = DLib
__dlib_version  = 6


*******************************************************************************
*** HEAP SELECTION
***

The basic heap was selected because --advanced_heap
was not specified and the application did not appear to
be primarily optimized for speed.


*******************************************************************************
*** PLACEMENT SUMMARY
***

"A0":  place at address 0x800'0000 { ro section .intvec };
"P1":  place in [from 0x800'0000 to 0x801'ffff] { ro };
define block CSTACK with size = 1K, alignment = 8 { };
define block HEAP with size = 512, alignment = 8 { };
"P2":  place in [from 0x2000'0000 to 0x2000'3fff] {
          rw, block CSTACK, block HEAP };
initialize by copy { rw };

  Section            Kind         Address  Alignment    Size  Object
  -------            ----         -------  ---------    ----  ------
"A0":                                                   0xc0
  .intvec            ro code   0x800'0000          4    0xc0  startup_stm32f072xb.o [3]
                             - 0x800'00c0               0xc0

"P1":                                                 0x33b2
  .text              ro code   0x800'00c0          4   0xb34  stm32f0xx_hal_i2c.o [4]
  .text              ro code   0x800'0bf4          4    0xac  stm32f0xx_hal_msp.o [2]
  .text              ro code   0x800'0ca0          4     0xc  stm32f0xx_hal.o [4]
  .text              ro code   0x800'0cac          2     0x2  stm32f0xx_hal_i2c.o [4]
  .text              ro code   0x800'0cae          2     0x2  stm32f0xx_hal_i2c.o [4]
  .text              ro code   0x800'0cb0          2     0x2  stm32f0xx_hal_i2c.o [4]
  .text              ro code   0x800'0cb2          2     0x2  stm32f0xx_hal_i2c.o [4]
  .text              ro code   0x800'0cb4          4    0x4e  stm32f0xx_hal_dma.o [4]
  .text              ro code   0x800'0d02          2     0x2  stm32f0xx_hal_i2c.o [4]
  .text              ro code   0x800'0d04          2     0x2  stm32f0xx_hal_i2c.o [4]
  .text              ro code   0x800'0d06          2     0x2  startup_stm32f072xb.o [3]
  .text              ro code   0x800'0d08          4    0x10  ABImemset_small.o [7]
  .text              ro code   0x800'0d18          4   0x1c0  stm32f0xx_hal_gpio.o [4]
  .text              ro code   0x800'0ed8          4    0x8c  stm32f0xx_hal_cortex.o [4]
  .rodata            const     0x800'0f64          4   0x76c  fonts.o [5]
  .text              ro code   0x800'16d0          4   0x5c4  stm32f0xx_hal_rcc.o [4]
  .text              ro code   0x800'1c94          4    0x44  stm32f0xx_hal.o [4]
  .text              ro code   0x800'1cd8          4    0x36  I32DivMod.o [7]
  .text              ro code   0x800'1d0e          2     0x2  startup_stm32f072xb.o [3]
  .text              ro code   0x800'1d10          4     0x2  IntDivZer.o [7]
  .text              ro code   0x800'1d12          2     0x2  startup_stm32f072xb.o [3]
  .rodata            const     0x800'1d14          4   0x400  tree.o [5]
  .rodata            const     0x800'2114          4   0x400  tree.o [5]
  .rodata            const     0x800'2514          4   0x400  tree.o [5]
  .rodata            const     0x800'2914          4   0x400  tree.o [5]
  .text              ro code   0x800'2d14          4   0x2c0  MySH1106.o [5]
  .text              ro code   0x800'2fd4          4   0x1f8  main.o [2]
  .text              ro code   0x800'31cc          4    0x20  stm32f0xx_hal.o [4]
  .text              ro code   0x800'31ec          4    0x8c  stm32f0xx_hal_i2c_ex.o [4]
  .text              ro code   0x800'3278          4    0x5c  stm32f0xx_it.o [2]
  .text              ro code   0x800'32d4          4    0x10  stm32f0xx_hal.o [4]
  .text              ro code   0x800'32e4          2    0x3c  zero_init3.o [7]
  .text              ro code   0x800'3320          2    0x30  copy_init3.o [7]
  .text              ro code   0x800'3350          4    0x28  data_init.o [7]
  .iar.init_table    const     0x800'3378          4    0x24  - Linker created -
  .text              ro code   0x800'339c          4    0x1e  cmain.o [7]
  .text              ro code   0x800'33ba          2     0x4  low_level_init.o [6]
  .text              ro code   0x800'33be          2     0x8  exit.o [6]
  .text              ro code   0x800'33c6          2     0x2  startup_stm32f072xb.o [3]
  .text              ro code   0x800'33c8          4     0xa  cexit.o [7]
  .text              ro code   0x800'33d2          2     0x2  startup_stm32f072xb.o [3]
  .text              ro code   0x800'33d4          4    0x14  exit.o [8]
  .text              ro code   0x800'33e8          4    0x1c  cstartup_M.o [7]
  Initializer bytes  const     0x800'3404          4    0x18  <for P2-1>
  .text              ro code   0x800'341c          4    0x14  system_stm32f0xx.o [1]
  .text              ro code   0x800'3430          4    0x10  startup_stm32f072xb.o [3]
  .text              ro code   0x800'3440          2     0x2  startup_stm32f072xb.o [3]
  .text              ro code   0x800'3442          2     0x2  startup_stm32f072xb.o [3]
  .text              ro code   0x800'3444          2     0x2  startup_stm32f072xb.o [3]
  .text              ro code   0x800'3446          2     0x2  startup_stm32f072xb.o [3]
  .text              ro code   0x800'3448          2     0x2  startup_stm32f072xb.o [3]
  .text              ro code   0x800'344a          2     0x2  startup_stm32f072xb.o [3]
  .text              ro code   0x800'344c          2     0x2  startup_stm32f072xb.o [3]
  .text              ro code   0x800'344e          2     0x2  startup_stm32f072xb.o [3]
  .text              ro code   0x800'3450          2     0x2  startup_stm32f072xb.o [3]
  .text              ro code   0x800'3452          2     0x2  startup_stm32f072xb.o [3]
  .text              ro code   0x800'3454          2     0x2  startup_stm32f072xb.o [3]
  .text              ro code   0x800'3456          2     0x2  startup_stm32f072xb.o [3]
  .text              ro code   0x800'3458          2     0x2  startup_stm32f072xb.o [3]
  .text              ro code   0x800'345a          2     0x2  startup_stm32f072xb.o [3]
  .text              ro code   0x800'345c          2     0x2  startup_stm32f072xb.o [3]
  .text              ro code   0x800'345e          2     0x2  startup_stm32f072xb.o [3]
  .text              ro code   0x800'3460          2     0x2  startup_stm32f072xb.o [3]
  .text              ro code   0x800'3462          2     0x2  startup_stm32f072xb.o [3]
  .text              ro code   0x800'3464          2     0x2  startup_stm32f072xb.o [3]
  .text              ro code   0x800'3466          2     0x2  startup_stm32f072xb.o [3]
  .text              ro code   0x800'3468          2     0x2  startup_stm32f072xb.o [3]
  .text              ro code   0x800'346a          2     0x2  startup_stm32f072xb.o [3]
  .text              ro code   0x800'346c          2     0x2  startup_stm32f072xb.o [3]
  .text              ro code   0x800'346e          2     0x2  startup_stm32f072xb.o [3]
  .text              ro code   0x800'3470          2     0x2  startup_stm32f072xb.o [3]
  .rodata            const     0x800'3472                0x0  zero_init3.o [7]
  .rodata            const     0x800'3472                0x0  copy_init3.o [7]
                             - 0x800'3472             0x33b2

"P2", part 1 of 3:                                      0x18
  P2-1                        0x2000'0000          4    0x18  <Init block>
    .data            inited   0x2000'0000          4     0x8  fonts.o [5]
    .data            inited   0x2000'0008          4     0xc  stm32f0xx_hal.o [4]
    .data            inited   0x2000'0014          4     0x4  system_stm32f0xx.o [1]
                            - 0x2000'0018               0x18

"P2", part 2 of 3:                                     0xc7c
  .bss               zero     0x2000'0018          4   0x420  MySH1106.o [5]
  .bss               zero     0x2000'0438          4   0x400  MySH1106.o [5]
  .bss               zero     0x2000'0838          4   0x400  MySH1106.o [5]
  .bss               zero     0x2000'0c38          4    0x58  main.o [2]
  .bss               zero     0x2000'0c90          4     0x4  MySH1106.o [5]
                            - 0x2000'0c94              0xc7c

"P2", part 3 of 3:                                     0x400
  CSTACK                      0x2000'0c98          8   0x400  <Block>
    CSTACK           uninit   0x2000'0c98              0x400  <Block tail>
                            - 0x2000'1098              0x400

Unused ranges:

         From           To      Size
         ----           --      ----
   0x800'3472   0x801'ffff  0x1'cb8e
  0x2000'0c94  0x2000'0c97       0x4
  0x2000'1098  0x2000'3fff    0x2f68


*******************************************************************************
*** INIT TABLE
***

          Address      Size
          -------      ----
Zero (__iar_zero_init3)
    1 destination range, total size 0xc7c:
          0x2000'0018  0xc7c

Copy (__iar_copy_init3)
    1 source range, total size 0x18:
           0x800'3404   0x18
    1 destination range, total size 0x18:
          0x2000'0000   0x18



*******************************************************************************
*** MODULE SUMMARY
***

    Module                  ro code  ro data  rw data
    ------                  -------  -------  -------
command line/config:
    -------------------------------------------------
    Total:

D:\Documents\work\stm\Display\EWARM\Display\Obj\CMSIS_6603591812247902717.dir: [1]
    system_stm32f0xx.o           20        4        4
    -------------------------------------------------
    Total:                       20        4        4

D:\Documents\work\stm\Display\EWARM\Display\Obj\Core_13247989168731456611.dir: [2]
    main.o                      504                88
    stm32f0xx_hal_msp.o         172
    stm32f0xx_it.o               92
    -------------------------------------------------
    Total:                      768                88

D:\Documents\work\stm\Display\EWARM\Display\Obj\EWARM_18443280873093131863.dir: [3]
    startup_stm32f072xb.o       268
    -------------------------------------------------
    Total:                      268

D:\Documents\work\stm\Display\EWARM\Display\Obj\STM32F0xx_HAL_Driver_12736992878974344111.dir: [4]
    stm32f0xx_hal.o             128       12       12
    stm32f0xx_hal_cortex.o      140
    stm32f0xx_hal_dma.o          78
    stm32f0xx_hal_gpio.o        448
    stm32f0xx_hal_i2c.o       2'880
    stm32f0xx_hal_i2c_ex.o      140
    stm32f0xx_hal_rcc.o       1'476
    -------------------------------------------------
    Total:                    5'290       12       12

D:\Documents\work\stm\Display\EWARM\Display\Obj\src_5429682818773648819.dir: [5]
    MySH1106.o                  704             3'108
    fonts.o                            1'908        8
    tree.o                             4'096
    -------------------------------------------------
    Total:                      704    6'004    3'116

dl6M_tlf.a: [6]
    exit.o                        8
    low_level_init.o              4
    -------------------------------------------------
    Total:                       12

rt6M_tl.a: [7]
    ABImemset_small.o            16
    I32DivMod.o                  54
    IntDivZer.o                   2
    cexit.o                      10
    cmain.o                      30
    copy_init3.o                 48
    cstartup_M.o                 28
    data_init.o                  40
    zero_init3.o                 60
    -------------------------------------------------
    Total:                      288

shb_l.a: [8]
    exit.o                       20
    -------------------------------------------------
    Total:                       20

    Linker created                        36    1'024
-----------------------------------------------------
    Grand Total:              7'370    6'056    4'244


*******************************************************************************
*** ENTRY LIST
***

Entry                       Address   Size  Type      Object
-----                       -------   ----  ----      ------
.iar.init_table$$Base    0x800'3378          --   Gb  - Linker created -
.iar.init_table$$Limit   0x800'339c          --   Gb  - Linker created -
?main                    0x800'339d         Code  Gb  cmain.o [7]
ADC1_COMP_IRQHandler     0x800'344d         Code  Wk  startup_stm32f072xb.o [3]
AHBPrescTable            0x800'3420   0x10  Data  Gb  system_stm32f0xx.o [1]
CEC_CAN_IRQHandler       0x800'346f         Code  Wk  startup_stm32f072xb.o [3]
CSTACK$$Base            0x2000'0c98          --   Gb  - Linker created -
CSTACK$$Limit           0x2000'1098          --   Gb  - Linker created -
Convert_Bitmap_To_Pages
                         0x800'2e03   0x80  Code  Gb  MySH1106.o [5]
DMA1_Channel1_IRQHandler
                         0x800'3447         Code  Wk  startup_stm32f072xb.o [3]
DMA1_Channel2_3_IRQHandler
                         0x800'3449         Code  Wk  startup_stm32f072xb.o [3]
DMA1_Channel4_5_6_7_IRQHandler
                         0x800'344b         Code  Wk  startup_stm32f072xb.o [3]
DisplayCurrentScreen     0x800'2fd5   0x62  Code  Gb  main.o [2]
EXTI0_1_IRQHandler       0x800'3441         Code  Wk  startup_stm32f072xb.o [3]
EXTI2_3_IRQHandler       0x800'3443         Code  Wk  startup_stm32f072xb.o [3]
EXTI4_15_IRQHandler      0x800'3289   0x22  Code  Gb  stm32f0xx_it.o [2]
Error_Handler            0x800'31bb    0x4  Code  Gb  main.o [2]
FLASH_IRQHandler         0x800'33c7         Code  Wk  startup_stm32f072xb.o [3]
Font7x10                 0x800'0f64  0x76c  Data  Gb  fonts.o [5]
Font_7x10               0x2000'0000    0x8  Data  Gb  fonts.o [5]
HAL_DMA_Abort_IT         0x800'0cb5   0x48  Code  Gb  stm32f0xx_hal_dma.o [4]
HAL_DMA_GetState         0x800'0cfd    0x6  Code  Gb  stm32f0xx_hal_dma.o [4]
HAL_GPIO_Init            0x800'0d19  0x196  Code  Gb  stm32f0xx_hal_gpio.o [4]
HAL_GPIO_WritePin        0x800'0eaf    0xc  Code  Gb  stm32f0xx_hal_gpio.o [4]
HAL_GetTick              0x800'0ca1    0xc  Code  Wk  stm32f0xx_hal.o [4]
HAL_I2CEx_ConfigAnalogFilter
                         0x800'31ed   0x3a  Code  Gb  stm32f0xx_hal_i2c_ex.o [4]
HAL_I2CEx_ConfigDigitalFilter
                         0x800'3227   0x36  Code  Gb  stm32f0xx_hal_i2c_ex.o [4]
HAL_I2C_AbortCpltCallback
                         0x800'0d03    0x2  Code  Wk  stm32f0xx_hal_i2c.o [4]
HAL_I2C_AddrCallback     0x800'0cad    0x2  Code  Wk  stm32f0xx_hal_i2c.o [4]
HAL_I2C_ER_IRQHandler    0x800'0305   0x5a  Code  Gb  stm32f0xx_hal_i2c.o [4]
HAL_I2C_EV_IRQHandler    0x800'02f1   0x14  Code  Gb  stm32f0xx_hal_i2c.o [4]
HAL_I2C_ErrorCallback    0x800'0d05    0x2  Code  Wk  stm32f0xx_hal_i2c.o [4]
HAL_I2C_Init             0x800'00c1   0xb2  Code  Gb  stm32f0xx_hal_i2c.o [4]
HAL_I2C_ListenCpltCallback
                         0x800'0cb3    0x2  Code  Wk  stm32f0xx_hal_i2c.o [4]
HAL_I2C_Master_Transmit
                         0x800'0173  0x15e  Code  Gb  stm32f0xx_hal_i2c.o [4]
HAL_I2C_MspInit          0x800'0c1f   0x70  Code  Gb  stm32f0xx_hal_msp.o [2]
HAL_I2C_SlaveRxCpltCallback
                         0x800'0cb1    0x2  Code  Wk  stm32f0xx_hal_i2c.o [4]
HAL_I2C_SlaveTxCpltCallback
                         0x800'0caf    0x2  Code  Wk  stm32f0xx_hal_i2c.o [4]
HAL_IncTick              0x800'32d5   0x10  Code  Wk  stm32f0xx_hal.o [4]
HAL_Init                 0x800'31cd   0x1a  Code  Gb  stm32f0xx_hal.o [4]
HAL_InitTick             0x800'1c95   0x44  Code  Wk  stm32f0xx_hal.o [4]
HAL_MspInit              0x800'0bf5   0x2a  Code  Gb  stm32f0xx_hal_msp.o [2]
HAL_NVIC_EnableIRQ       0x800'0f1b   0x12  Code  Gb  stm32f0xx_hal_cortex.o [4]
HAL_NVIC_SetPriority     0x800'0f13    0x8  Code  Gb  stm32f0xx_hal_cortex.o [4]
HAL_RCC_ClockConfig      0x800'1af1  0x108  Code  Gb  stm32f0xx_hal_rcc.o [4]
HAL_RCC_GetSysClockFreq
                         0x800'1bfd   0x50  Code  Gb  stm32f0xx_hal_rcc.o [4]
HAL_RCC_GetSysClockFreq::aPLLMULFactorTable
                         0x800'1c74   0x10  Data  Lc  stm32f0xx_hal_rcc.o [4]
HAL_RCC_GetSysClockFreq::aPredivFactorTable
                         0x800'1c84   0x10  Data  Lc  stm32f0xx_hal_rcc.o [4]
HAL_RCC_OscConfig        0x800'16d1  0x412  Code  Gb  stm32f0xx_hal_rcc.o [4]
HAL_SYSTICK_Config       0x800'0f2d   0x28  Code  Gb  stm32f0xx_hal_cortex.o [4]
HardFault_Handler        0x800'327b    0x2  Code  Gb  stm32f0xx_it.o [2]
I2C1_IRQHandler          0x800'3463         Code  Wk  startup_stm32f072xb.o [3]
I2C2_IRQHandler          0x800'32ab   0x1c  Code  Gb  stm32f0xx_it.o [2]
I2C_DMAAbort             0x800'0919   0x1c  Code  Lc  stm32f0xx_hal_i2c.o [4]
I2C_Disable_IRQ          0x800'0b91   0x64  Code  Lc  stm32f0xx_hal_i2c.o [4]
I2C_Flush_TXDR           0x800'08e7   0x1c  Code  Lc  stm32f0xx_hal_i2c.o [4]
I2C_ITAddrCplt           0x800'0491   0x9a  Code  Lc  stm32f0xx_hal_i2c.o [4]
I2C_ITError              0x800'07b1   0xfe  Code  Lc  stm32f0xx_hal_i2c.o [4]
I2C_ITListenCplt         0x800'0745   0x5e  Code  Lc  stm32f0xx_hal_i2c.o [4]
I2C_ITSlaveCplt          0x800'0591  0x1aa  Code  Lc  stm32f0xx_hal_i2c.o [4]
I2C_ITSlaveSeqCplt       0x800'052b   0x66  Code  Lc  stm32f0xx_hal_i2c.o [4]
I2C_IsErrorOccurred      0x800'0a65   0xfc  Code  Lc  stm32f0xx_hal_i2c.o [4]
I2C_Slave_ISR_IT         0x800'035f  0x12a  Code  Lc  stm32f0xx_hal_i2c.o [4]
I2C_TransferConfig       0x800'0b61   0x26  Code  Lc  stm32f0xx_hal_i2c.o [4]
I2C_TreatErrorCallback   0x800'08b9   0x2e  Code  Lc  stm32f0xx_hal_i2c.o [4]
I2C_WaitOnFlagUntilTimeout
                         0x800'0935   0x7c  Code  Lc  stm32f0xx_hal_i2c.o [4]
I2C_WaitOnSTOPFlagUntilTimeout
                         0x800'0a11   0x54  Code  Lc  stm32f0xx_hal_i2c.o [4]
I2C_WaitOnTXISFlagUntilTimeout
                         0x800'09b1   0x60  Code  Lc  stm32f0xx_hal_i2c.o [4]
NMI_Handler              0x800'3279    0x2  Code  Gb  stm32f0xx_it.o [2]
PVD_VDDIO2_IRQHandler    0x800'1d0f         Code  Wk  startup_stm32f072xb.o [3]
PendSV_Handler           0x800'327f    0x2  Code  Gb  stm32f0xx_it.o [2]
RCC_CRS_IRQHandler       0x800'33d3         Code  Wk  startup_stm32f072xb.o [3]
RTC_IRQHandler           0x800'1d13         Code  Wk  startup_stm32f072xb.o [3]
Region$$Table$$Base      0x800'3378          --   Gb  - Linker created -
Region$$Table$$Limit     0x800'339c          --   Gb  - Linker created -
Reset_Handler            0x800'3431         Code  Wk  startup_stm32f072xb.o [3]
SH1106                  0x2000'0c90    0x4  Data  Gb  MySH1106.o [5]
SH1106_Buffer           0x2000'0438  0x400  Data  Gb  MySH1106.o [5]
SH1106_Clear             0x800'2e83   0x2c  Code  Gb  MySH1106.o [5]
SH1106_Display_Image     0x800'2eaf    0x6  Code  Gb  MySH1106.o [5]
SH1106_DrawPixel         0x800'2ecf   0x30  Code  Gb  MySH1106.o [5]
SH1106_I2C_Write_Single
                         0x800'2d4d   0x1a  Code  Gb  MySH1106.o [5]
SH1106_Init              0x800'2d67   0x54  Code  Gb  MySH1106.o [5]
SH1106_Putc              0x800'2eff   0x9c  Code  Gb  MySH1106.o [5]
SH1106_Puts              0x800'2fb1   0x24  Code  Gb  MySH1106.o [5]
SH1106_UpdateScreen      0x800'2dfb    0x8  Code  Gb  MySH1106.o [5]
SH1106_Write_Array       0x800'2d15   0x38  Code  Gb  MySH1106.o [5]
SH1106_Write_Page        0x800'2dbb   0x40  Code  Gb  MySH1106.o [5]
SPI1_IRQHandler          0x800'3465         Code  Wk  startup_stm32f072xb.o [3]
SPI2_IRQHandler          0x800'3467         Code  Wk  startup_stm32f072xb.o [3]
SVC_Handler              0x800'327d    0x2  Code  Gb  stm32f0xx_it.o [2]
SysTick_Handler          0x800'3281    0x8  Code  Gb  stm32f0xx_it.o [2]
SystemClock_Config       0x800'3169   0x52  Code  Gb  main.o [2]
SystemCoreClock         0x2000'0014    0x4  Data  Gb  system_stm32f0xx.o [1]
SystemInit               0x800'341d    0x2  Code  Gb  system_stm32f0xx.o [1]
TIM14_IRQHandler         0x800'345b         Code  Wk  startup_stm32f072xb.o [3]
TIM15_IRQHandler         0x800'345d         Code  Wk  startup_stm32f072xb.o [3]
TIM16_IRQHandler         0x800'345f         Code  Wk  startup_stm32f072xb.o [3]
TIM17_IRQHandler         0x800'3461         Code  Wk  startup_stm32f072xb.o [3]
TIM1_BRK_UP_TRG_COM_IRQHandler
                         0x800'344f         Code  Wk  startup_stm32f072xb.o [3]
TIM1_CC_IRQHandler       0x800'3451         Code  Wk  startup_stm32f072xb.o [3]
TIM2_IRQHandler          0x800'3453         Code  Wk  startup_stm32f072xb.o [3]
TIM3_IRQHandler          0x800'3455         Code  Wk  startup_stm32f072xb.o [3]
TIM6_DAC_IRQHandler      0x800'3457         Code  Wk  startup_stm32f072xb.o [3]
TIM7_IRQHandler          0x800'3459         Code  Wk  startup_stm32f072xb.o [3]
TSC_IRQHandler           0x800'3445         Code  Wk  startup_stm32f072xb.o [3]
USART1_IRQHandler        0x800'3469         Code  Wk  startup_stm32f072xb.o [3]
USART2_IRQHandler        0x800'346b         Code  Wk  startup_stm32f072xb.o [3]
USART3_4_IRQHandler      0x800'346d         Code  Wk  startup_stm32f072xb.o [3]
USB_IRQHandler           0x800'3471         Code  Wk  startup_stm32f072xb.o [3]
WWDG_IRQHandler          0x800'0d07         Code  Wk  startup_stm32f072xb.o [3]
__ICFEDIT_region_RAM_end__ {Abs}
                        0x2000'3fff          --   Gb  <internal module>
__ICFEDIT_region_RAM_start__ {Abs}
                        0x2000'0000          --   Gb  <internal module>
__NVIC_SetPriority       0x800'0ed9   0x3a  Code  Lc  stm32f0xx_hal_cortex.o [4]
__aeabi_idiv0            0x800'1d11         Code  Gb  IntDivZer.o [7]
__cmain                  0x800'339d         Code  Gb  cmain.o [7]
__exit                   0x800'33d5   0x14  Code  Gb  exit.o [8]
__iar_copy_init3         0x800'3321   0x30  Code  Gb  copy_init3.o [7]
__iar_data_init3         0x800'3351   0x28  Code  Gb  data_init.o [7]
__iar_program_start      0x800'33e9         Code  Gb  cstartup_M.o [7]
__iar_small_Memset4_word
                         0x800'0d0d         Code  Gb  ABImemset_small.o [7]
__iar_small_Memset_word
                         0x800'0d0d         Code  Gb  ABImemset_small.o [7]
__iar_small_memclr       0x800'0d09         Code  Gb  ABImemset_small.o [7]
__iar_small_memclr4      0x800'0d09         Code  Gb  ABImemset_small.o [7]
__iar_small_memclr8      0x800'0d09         Code  Gb  ABImemset_small.o [7]
__iar_small_memset       0x800'0d0d         Code  Gb  ABImemset_small.o [7]
__iar_small_memset4      0x800'0d0d         Code  Gb  ABImemset_small.o [7]
__iar_small_memset8      0x800'0d0d         Code  Gb  ABImemset_small.o [7]
__iar_small_uidiv        0x800'1cd9         Code  Gb  I32DivMod.o [7]
__iar_small_uidivmod     0x800'1cd9         Code  Gb  I32DivMod.o [7]
__iar_zero_init3         0x800'32e5   0x3c  Code  Gb  zero_init3.o [7]
__low_level_init         0x800'33bb    0x4  Code  Gb  low_level_init.o [6]
__vector_table           0x800'0000         Data  Gb  startup_stm32f072xb.o [3]
_call_main               0x800'33a9         Code  Gb  cmain.o [7]
_exit                    0x800'33c9         Code  Gb  cexit.o [7]
clear_buffer            0x2000'0018  0x420  Data  Gb  MySH1106.o [5]
current_screen          0x2000'0c3a    0x1  Data  Gb  main.o [2]
exit                     0x800'33bf    0x8  Code  Gb  exit.o [6]
hi2c2                   0x2000'0c3c   0x54  Data  Gb  main.o [2]
image_buffer            0x2000'0838  0x400  Data  Gb  MySH1106.o [5]
main                     0x800'3037   0xfe  Code  Gb  main.o [2]
mops_map                 0x800'2114  0x400  Data  Gb  tree.o [5]
rose2_map                0x800'2914  0x400  Data  Gb  tree.o [5]
rose_map                 0x800'2514  0x400  Data  Gb  tree.o [5]
state_button            0x2000'0c38    0x2  Data  Gb  main.o [2]
tree_map                 0x800'1d14  0x400  Data  Gb  tree.o [5]
uwTick                  0x2000'000c    0x4  Data  Gb  stm32f0xx_hal.o [4]
uwTickFreq              0x2000'0008    0x1  Data  Gb  stm32f0xx_hal.o [4]
uwTickPrio              0x2000'0010    0x4  Data  Gb  stm32f0xx_hal.o [4]


[1] = D:\Documents\work\stm\Display\EWARM\Display\Obj\CMSIS_6603591812247902717.dir
[2] = D:\Documents\work\stm\Display\EWARM\Display\Obj\Core_13247989168731456611.dir
[3] = D:\Documents\work\stm\Display\EWARM\Display\Obj\EWARM_18443280873093131863.dir
[4] = D:\Documents\work\stm\Display\EWARM\Display\Obj\STM32F0xx_HAL_Driver_12736992878974344111.dir
[5] = D:\Documents\work\stm\Display\EWARM\Display\Obj\src_5429682818773648819.dir
[6] = dl6M_tlf.a
[7] = rt6M_tl.a
[8] = shb_l.a

  7'370 bytes of readonly  code memory
  6'056 bytes of readonly  data memory
  4'244 bytes of readwrite data memory

Errors: none
Warnings: none
