###############################################################################
#
# IAR ELF Linker V9.60.3.422/W64 for ARM                  02/Aug/2025  05:11:45
# Copyright 2007-2024 IAR Systems AB.
#
#    Output file  =
#        C:\Users\artem\source\repos\Master2\STM32\EWARM\Testing\Exe\Testing.out
#    Map file     =
#        C:\Users\artem\source\repos\Master2\STM32\EWARM\Testing\List\Testing.map
#    Command line =
#        -f
#        C:\Users\artem\source\repos\Master2\STM32\EWARM\Testing\Exe\Testing.out.rsp
#        (C:\Users\artem\source\repos\Master2\STM32\EWARM\Testing\Obj\src_5429682818773648819.dir\gpio.o
#        C:\Users\artem\source\repos\Master2\STM32\EWARM\Testing\Obj\src_5429682818773648819.dir\main.o
#        C:\Users\artem\source\repos\Master2\STM32\EWARM\Testing\Obj\src_5429682818773648819.dir\MyModbusRtu.o
#        C:\Users\artem\source\repos\Master2\STM32\EWARM\Testing\Obj\src_5429682818773648819.dir\MyUSART.o
#        C:\Users\artem\source\repos\Master2\STM32\EWARM\Testing\Obj\EWARM_18443280873093131863.dir\startup_stm32f072xb.o
#        C:\Users\artem\source\repos\Master2\STM32\EWARM\Testing\Obj\STM32F0xx_HAL_Driver_12736992878974344111.dir\stm32f0xx_hal.o
#        C:\Users\artem\source\repos\Master2\STM32\EWARM\Testing\Obj\STM32F0xx_HAL_Driver_12736992878974344111.dir\stm32f0xx_hal_cortex.o
#        C:\Users\artem\source\repos\Master2\STM32\EWARM\Testing\Obj\STM32F0xx_HAL_Driver_12736992878974344111.dir\stm32f0xx_hal_dma.o
#        C:\Users\artem\source\repos\Master2\STM32\EWARM\Testing\Obj\STM32F0xx_HAL_Driver_12736992878974344111.dir\stm32f0xx_hal_exti.o
#        C:\Users\artem\source\repos\Master2\STM32\EWARM\Testing\Obj\STM32F0xx_HAL_Driver_12736992878974344111.dir\stm32f0xx_hal_flash.o
#        C:\Users\artem\source\repos\Master2\STM32\EWARM\Testing\Obj\STM32F0xx_HAL_Driver_12736992878974344111.dir\stm32f0xx_hal_flash_ex.o
#        C:\Users\artem\source\repos\Master2\STM32\EWARM\Testing\Obj\STM32F0xx_HAL_Driver_12736992878974344111.dir\stm32f0xx_hal_gpio.o
#        C:\Users\artem\source\repos\Master2\STM32\EWARM\Testing\Obj\STM32F0xx_HAL_Driver_12736992878974344111.dir\stm32f0xx_hal_i2c.o
#        C:\Users\artem\source\repos\Master2\STM32\EWARM\Testing\Obj\STM32F0xx_HAL_Driver_12736992878974344111.dir\stm32f0xx_hal_i2c_ex.o
#        C:\Users\artem\source\repos\Master2\STM32\EWARM\Testing\Obj\src_5429682818773648819.dir\stm32f0xx_hal_msp.o
#        C:\Users\artem\source\repos\Master2\STM32\EWARM\Testing\Obj\STM32F0xx_HAL_Driver_12736992878974344111.dir\stm32f0xx_hal_pwr.o
#        C:\Users\artem\source\repos\Master2\STM32\EWARM\Testing\Obj\STM32F0xx_HAL_Driver_12736992878974344111.dir\stm32f0xx_hal_pwr_ex.o
#        C:\Users\artem\source\repos\Master2\STM32\EWARM\Testing\Obj\STM32F0xx_HAL_Driver_12736992878974344111.dir\stm32f0xx_hal_rcc.o
#        C:\Users\artem\source\repos\Master2\STM32\EWARM\Testing\Obj\STM32F0xx_HAL_Driver_12736992878974344111.dir\stm32f0xx_hal_rcc_ex.o
#        C:\Users\artem\source\repos\Master2\STM32\EWARM\Testing\Obj\src_5429682818773648819.dir\stm32f0xx_it.o
#        C:\Users\artem\source\repos\Master2\STM32\EWARM\Testing\Obj\CMSIS_6603591812247902717.dir\system_stm32f0xx.o
#        C:\Users\artem\source\repos\Master2\STM32\EWARM\Testing\Obj\src_5429682818773648819.dir\UserProgram.o
#        --no_out_extension -o
#        C:\Users\artem\source\repos\Master2\STM32\EWARM\Testing\Exe\Testing.out
#        --redirect _Printf=_PrintfFullNoMb --redirect _Scanf=_ScanfFullNoMb
#        --map
#        C:\Users\artem\source\repos\Master2\STM32\EWARM\Testing\List\Testing.map
#        --config
#        C:\Users\artem\source\repos\Master2\STM32\EWARM/stm32f072xb_flash.icf
#        --semihosting --entry __iar_program_start --vfe --text_out locale
#        --cpu=Cortex-M0 --fpu=None) --dependencies=n
#        C:\Users\artem\source\repos\Master2\STM32\EWARM\Testing\Exe\Testing.out.iar_deps
#
###############################################################################

*******************************************************************************
*** RUNTIME MODEL ATTRIBUTES
***

CppFlavor       = *
__CPP_Runtime   = 1
__SystemLibrary = DLib
__dlib_version  = 6


*******************************************************************************
*** HEAP SELECTION
***

The basic heap was selected because --advanced_heap
was not specified and the application did not appear to
be primarily optimized for speed.


*******************************************************************************
*** PLACEMENT SUMMARY
***

"A0":  place at address 0x800'0000 { ro section .intvec };
"P1":  place in [from 0x800'0000 to 0x801'ffff] { ro };
define block CSTACK with size = 1K, alignment = 8 { };
define block HEAP with size = 512, alignment = 8 { };
"P2":  place in [from 0x2000'0000 to 0x2000'3fff] {
          rw, block CSTACK, block HEAP };
initialize by copy { rw };

  Section            Kind         Address  Alignment    Size  Object
  -------            ----         -------  ---------    ----  ------
"A0":                                                   0xc0
  .intvec            ro code   0x800'0000          4    0xc0  startup_stm32f072xb.o [2]
                             - 0x800'00c0               0xc0

"P1":                                                 0x10f6
  .text              ro code   0x800'00c0          4   0x5c4  stm32f0xx_hal_rcc.o [3]
  .text              ro code   0x800'0684          4     0xc  stm32f0xx_hal.o [3]
  .text              ro code   0x800'0690          4    0x44  stm32f0xx_hal.o [3]
  .text              ro code   0x800'06d4          4    0x36  I32DivMod.o [6]
  .text              ro code   0x800'070a          2     0x2  startup_stm32f072xb.o [2]
  .text              ro code   0x800'070c          4    0x8c  stm32f0xx_hal_cortex.o [3]
  .text              ro code   0x800'0798          4     0x2  IntDivZer.o [6]
  .text              ro code   0x800'079a          2     0x2  startup_stm32f072xb.o [2]
  .text              ro code   0x800'079c          4   0x23c  UserProgram.o [4]
  .text              ro code   0x800'09d8          4   0x108  MyModbusRtu.o [4]
  .text              ro code   0x800'0ae0          4   0x200  MyUSART.o [4]
  .text              ro code   0x800'0ce0          4    0x10  ABImemset_small.o [6]
  .text              ro code   0x800'0cf0          4   0x1b4  stm32f0xx_hal_gpio.o [3]
  .text              ro code   0x800'0ea4          4    0x8a  main.o [4]
  .text              ro code   0x800'0f2e          2     0x2  startup_stm32f072xb.o [2]
  .text              ro code   0x800'0f30          4    0x20  stm32f0xx_hal.o [3]
  .text              ro code   0x800'0f50          4    0x68  gpio.o [4]
  .text              ro code   0x800'0fb8          4    0x30  stm32f0xx_hal_msp.o [4]
  .text              ro code   0x800'0fe8          4    0x48  stm32f0xx_it.o [4]
  .text              ro code   0x800'1030          2    0x3c  zero_init3.o [6]
  .text              ro code   0x800'106c          2    0x30  copy_init3.o [6]
  .text              ro code   0x800'109c          4    0x28  data_init.o [6]
  .iar.init_table    const     0x800'10c4          4    0x24  - Linker created -
  .text              ro code   0x800'10e8          4    0x1e  cmain.o [6]
  .text              ro code   0x800'1106          2     0x4  low_level_init.o [5]
  .text              ro code   0x800'110a          2     0x8  exit.o [5]
  .text              ro code   0x800'1112          2     0x2  startup_stm32f072xb.o [2]
  .text              ro code   0x800'1114          4     0xa  cexit.o [6]
  .text              ro code   0x800'111e          2     0x2  startup_stm32f072xb.o [2]
  .text              ro code   0x800'1120          4    0x14  exit.o [7]
  .text              ro code   0x800'1134          4    0x1c  cstartup_M.o [6]
  .text              ro code   0x800'1150          4    0x14  system_stm32f0xx.o [1]
  .text              ro code   0x800'1164          4    0x10  startup_stm32f072xb.o [2]
  Initializer bytes  const     0x800'1174          4    0x10  <for P2-1>
  .text              ro code   0x800'1184          2     0x2  startup_stm32f072xb.o [2]
  .text              ro code   0x800'1186          2     0x2  startup_stm32f072xb.o [2]
  .text              ro code   0x800'1188          2     0x2  startup_stm32f072xb.o [2]
  .text              ro code   0x800'118a          2     0x2  startup_stm32f072xb.o [2]
  .text              ro code   0x800'118c          2     0x2  startup_stm32f072xb.o [2]
  .text              ro code   0x800'118e          2     0x2  startup_stm32f072xb.o [2]
  .text              ro code   0x800'1190          2     0x2  startup_stm32f072xb.o [2]
  .text              ro code   0x800'1192          2     0x2  startup_stm32f072xb.o [2]
  .text              ro code   0x800'1194          2     0x2  startup_stm32f072xb.o [2]
  .text              ro code   0x800'1196          2     0x2  startup_stm32f072xb.o [2]
  .text              ro code   0x800'1198          2     0x2  startup_stm32f072xb.o [2]
  .text              ro code   0x800'119a          2     0x2  startup_stm32f072xb.o [2]
  .text              ro code   0x800'119c          2     0x2  startup_stm32f072xb.o [2]
  .text              ro code   0x800'119e          2     0x2  startup_stm32f072xb.o [2]
  .text              ro code   0x800'11a0          2     0x2  startup_stm32f072xb.o [2]
  .text              ro code   0x800'11a2          2     0x2  startup_stm32f072xb.o [2]
  .text              ro code   0x800'11a4          2     0x2  startup_stm32f072xb.o [2]
  .text              ro code   0x800'11a6          2     0x2  startup_stm32f072xb.o [2]
  .text              ro code   0x800'11a8          2     0x2  startup_stm32f072xb.o [2]
  .text              ro code   0x800'11aa          2     0x2  startup_stm32f072xb.o [2]
  .text              ro code   0x800'11ac          2     0x2  startup_stm32f072xb.o [2]
  .text              ro code   0x800'11ae          2     0x2  startup_stm32f072xb.o [2]
  .text              ro code   0x800'11b0          2     0x2  startup_stm32f072xb.o [2]
  .text              ro code   0x800'11b2          2     0x2  startup_stm32f072xb.o [2]
  .text              ro code   0x800'11b4          2     0x2  startup_stm32f072xb.o [2]
  .rodata            const     0x800'11b6                0x0  zero_init3.o [6]
  .rodata            const     0x800'11b6                0x0  copy_init3.o [6]
                             - 0x800'11b6             0x10f6

"P2", part 1 of 3:                                      0x10
  P2-1                        0x2000'0000          4    0x10  <Init block>
    .data            inited   0x2000'0000          4     0xc  stm32f0xx_hal.o [3]
    .data            inited   0x2000'000c          4     0x4  system_stm32f0xx.o [1]
                            - 0x2000'0010               0x10

"P2", part 2 of 3:                                     0x234
  .bss               zero     0x2000'0010          4   0x208  MyUSART.o [4]
  .bss               zero     0x2000'0218          4    0x20  UserProgram.o [4]
  .bss               zero     0x2000'0238          4     0x8  MyModbusRtu.o [4]
  .bss               zero     0x2000'0240          2     0x2  UserProgram.o [4]
                            - 0x2000'0242              0x232

"P2", part 3 of 3:                                     0x400
  CSTACK                      0x2000'0248          8   0x400  <Block>
    CSTACK           uninit   0x2000'0248              0x400  <Block tail>
                            - 0x2000'0648              0x400

Unused ranges:

         From           To      Size
         ----           --      ----
   0x800'11b6   0x801'ffff  0x1'ee4a
  0x2000'0244  0x2000'0247       0x4
  0x2000'0648  0x2000'3fff    0x39b8


*******************************************************************************
*** INIT TABLE
***

          Address      Size
          -------      ----
Zero (__iar_zero_init3)
    1 destination range, total size 0x232:
          0x2000'0010  0x232

Copy (__iar_copy_init3)
    1 source range, total size 0x10:
           0x800'1174   0x10
    1 destination range, total size 0x10:
          0x2000'0000   0x10



*******************************************************************************
*** MODULE SUMMARY
***

    Module                  ro code  ro data  rw data
    ------                  -------  -------  -------
command line/config:
    -------------------------------------------------
    Total:

C:\Users\artem\source\repos\Master2\STM32\EWARM\Testing\Obj\CMSIS_6603591812247902717.dir: [1]
    system_stm32f0xx.o           20        4        4
    -------------------------------------------------
    Total:                       20        4        4

C:\Users\artem\source\repos\Master2\STM32\EWARM\Testing\Obj\EWARM_18443280873093131863.dir: [2]
    startup_stm32f072xb.o       268
    -------------------------------------------------
    Total:                      268

C:\Users\artem\source\repos\Master2\STM32\EWARM\Testing\Obj\STM32F0xx_HAL_Driver_12736992878974344111.dir: [3]
    stm32f0xx_hal.o             112       12       12
    stm32f0xx_hal_cortex.o      140
    stm32f0xx_hal_gpio.o        436
    stm32f0xx_hal_rcc.o       1'476
    -------------------------------------------------
    Total:                    2'164       12       12

C:\Users\artem\source\repos\Master2\STM32\EWARM\Testing\Obj\src_5429682818773648819.dir: [4]
    MyModbusRtu.o               264                 8
    MyUSART.o                   512               520
    UserProgram.o               572                34
    gpio.o                      104
    main.o                      138
    stm32f0xx_hal_msp.o          48
    stm32f0xx_it.o               72
    -------------------------------------------------
    Total:                    1'710               562

dl6M_tln.a: [5]
    exit.o                        8
    low_level_init.o              4
    -------------------------------------------------
    Total:                       12

rt6M_tl.a: [6]
    ABImemset_small.o            16
    I32DivMod.o                  54
    IntDivZer.o                   2
    cexit.o                      10
    cmain.o                      30
    copy_init3.o                 48
    cstartup_M.o                 28
    data_init.o                  40
    zero_init3.o                 60
    -------------------------------------------------
    Total:                      288

shb_l.a: [7]
    exit.o                       20
    -------------------------------------------------
    Total:                       20

    Linker created                        36    1'024
-----------------------------------------------------
    Grand Total:              4'482       52    1'602


*******************************************************************************
*** ENTRY LIST
***

Entry                       Address   Size  Type      Object
-----                       -------   ----  ----      ------
.iar.init_table$$Base    0x800'10c4          --   Gb  - Linker created -
.iar.init_table$$Limit   0x800'10e8          --   Gb  - Linker created -
?main                    0x800'10e9         Code  Gb  cmain.o [6]
ADC1_COMP_IRQHandler     0x800'1191         Code  Wk  startup_stm32f072xb.o [2]
AHBPrescTable            0x800'1154   0x10  Data  Gb  system_stm32f0xx.o [1]
BuildErrorResponse       0x800'0a91    0xe  Code  Gb  MyModbusRtu.o [4]
CEC_CAN_IRQHandler       0x800'11b3         Code  Wk  startup_stm32f072xb.o [2]
CSTACK$$Base            0x2000'0248          --   Gb  - Linker created -
CSTACK$$Limit           0x2000'0648          --   Gb  - Linker created -
CalculateCRC             0x800'09e3   0x30  Code  Gb  MyModbusRtu.o [4]
CheckMessage             0x800'0a9f   0x34  Code  Gb  MyModbusRtu.o [4]
CheckingLEDS             0x800'0849   0x2c  Code  Gb  UserProgram.o [4]
DMA1_Channel1_IRQHandler
                         0x800'118b         Code  Wk  startup_stm32f072xb.o [2]
DMA1_Channel2_3_IRQHandler
                         0x800'118d         Code  Wk  startup_stm32f072xb.o [2]
DMA1_Channel4_5_6_7_IRQHandler
                         0x800'118f         Code  Wk  startup_stm32f072xb.o [2]
EXTI0_1_IRQHandler       0x800'1185         Code  Wk  startup_stm32f072xb.o [2]
EXTI2_3_IRQHandler       0x800'1187         Code  Wk  startup_stm32f072xb.o [2]
EXTI4_15_IRQHandler      0x800'0ff3   0x2c  Code  Gb  stm32f0xx_it.o [4]
Error_Handler            0x800'0f2b    0x4  Code  Gb  main.o [4]
FLASH_IRQHandler         0x800'1113         Code  Wk  startup_stm32f072xb.o [2]
HAL_GPIO_Init            0x800'0cf1  0x196  Code  Gb  stm32f0xx_hal_gpio.o [3]
HAL_GetTick              0x800'0685    0xc  Code  Wk  stm32f0xx_hal.o [3]
HAL_Init                 0x800'0f31   0x1a  Code  Gb  stm32f0xx_hal.o [3]
HAL_InitTick             0x800'0691   0x44  Code  Wk  stm32f0xx_hal.o [3]
HAL_MspInit              0x800'0fb9   0x30  Code  Gb  stm32f0xx_hal_msp.o [4]
HAL_NVIC_EnableIRQ       0x800'074f   0x12  Code  Gb  stm32f0xx_hal_cortex.o [3]
HAL_NVIC_SetPriority     0x800'0747    0x8  Code  Gb  stm32f0xx_hal_cortex.o [3]
HAL_RCC_ClockConfig      0x800'04e1  0x108  Code  Gb  stm32f0xx_hal_rcc.o [3]
HAL_RCC_GetSysClockFreq
                         0x800'05ed   0x50  Code  Gb  stm32f0xx_hal_rcc.o [3]
HAL_RCC_GetSysClockFreq::aPLLMULFactorTable
                         0x800'0664   0x10  Data  Lc  stm32f0xx_hal_rcc.o [3]
HAL_RCC_GetSysClockFreq::aPredivFactorTable
                         0x800'0674   0x10  Data  Lc  stm32f0xx_hal_rcc.o [3]
HAL_RCC_OscConfig        0x800'00c1  0x412  Code  Gb  stm32f0xx_hal_rcc.o [3]
HAL_SYSTICK_Config       0x800'0761   0x28  Code  Gb  stm32f0xx_hal_cortex.o [3]
HardFault_Handler        0x800'0feb    0x2  Code  Gb  stm32f0xx_it.o [4]
I2C1_IRQHandler          0x800'11a7         Code  Wk  startup_stm32f072xb.o [2]
I2C2_IRQHandler          0x800'11a9         Code  Wk  startup_stm32f072xb.o [2]
InitLEDS                 0x800'079d   0xac  Code  Gb  UserProgram.o [4]
InitMyModbusRtu          0x800'09d9    0xa  Code  Gb  MyModbusRtu.o [4]
InitMyUSART              0x800'0ae1   0xfc  Code  Gb  MyUSART.o [4]
MX_GPIO_Init             0x800'0f51   0x68  Code  Gb  gpio.o [4]
MyUSART_Handler          0x800'0c03   0x96  Code  Gb  MyUSART.o [4]
NMI_Handler              0x800'0fe9    0x2  Code  Gb  stm32f0xx_it.o [4]
PVD_VDDIO2_IRQHandler    0x800'079b         Code  Wk  startup_stm32f072xb.o [2]
PendSV_Handler           0x800'0fef    0x2  Code  Gb  stm32f0xx_it.o [4]
ProcessRequest           0x800'0a13   0x48  Code  Gb  MyModbusRtu.o [4]
ProcessResponse          0x800'0a5b   0x36  Code  Gb  MyModbusRtu.o [4]
RCC_CRS_IRQHandler       0x800'111f         Code  Wk  startup_stm32f072xb.o [2]
RTC_IRQHandler           0x800'0f2f         Code  Wk  startup_stm32f072xb.o [2]
Region$$Table$$Base      0x800'10c4          --   Gb  - Linker created -
Region$$Table$$Limit     0x800'10e8          --   Gb  - Linker created -
RequestHandle            0x800'0885   0xb8  Code  Gb  UserProgram.o [4]
Reset_Handler            0x800'1165         Code  Wk  startup_stm32f072xb.o [2]
SPI1_IRQHandler          0x800'11ab         Code  Wk  startup_stm32f072xb.o [2]
SPI2_IRQHandler          0x800'11ad         Code  Wk  startup_stm32f072xb.o [2]
SVC_Handler              0x800'0fed    0x2  Code  Gb  stm32f0xx_it.o [4]
SendUSART                0x800'0bdd   0x26  Code  Gb  MyUSART.o [4]
SysTick_Handler          0x800'0ff1    0x2  Code  Gb  stm32f0xx_it.o [4]
SystemClock_Config       0x800'0ed9   0x52  Code  Gb  main.o [4]
SystemCoreClock         0x2000'000c    0x4  Data  Gb  system_stm32f0xx.o [1]
SystemInit               0x800'1151    0x2  Code  Gb  system_stm32f0xx.o [1]
TIM14_IRQHandler         0x800'119f         Code  Wk  startup_stm32f072xb.o [2]
TIM15_IRQHandler         0x800'11a1         Code  Wk  startup_stm32f072xb.o [2]
TIM16_IRQHandler         0x800'11a3         Code  Wk  startup_stm32f072xb.o [2]
TIM17_IRQHandler         0x800'11a5         Code  Wk  startup_stm32f072xb.o [2]
TIM1_BRK_UP_TRG_COM_IRQHandler
                         0x800'1193         Code  Wk  startup_stm32f072xb.o [2]
TIM1_CC_IRQHandler       0x800'1195         Code  Wk  startup_stm32f072xb.o [2]
TIM2_IRQHandler          0x800'1197         Code  Wk  startup_stm32f072xb.o [2]
TIM3_IRQHandler          0x800'1199         Code  Wk  startup_stm32f072xb.o [2]
TIM6_DAC_IRQHandler      0x800'119b         Code  Wk  startup_stm32f072xb.o [2]
TIM7_IRQHandler          0x800'119d         Code  Wk  startup_stm32f072xb.o [2]
TSC_IRQHandler           0x800'1189         Code  Wk  startup_stm32f072xb.o [2]
USART1_IRQHandler        0x800'1029    0x8  Code  Gb  stm32f0xx_it.o [4]
USART2_IRQHandler        0x800'11af         Code  Wk  startup_stm32f072xb.o [2]
USART3_4_IRQHandler      0x800'11b1         Code  Wk  startup_stm32f072xb.o [2]
USB_IRQHandler           0x800'11b5         Code  Wk  startup_stm32f072xb.o [2]
UpdateRegisters          0x800'0875   0x10  Code  Gb  UserProgram.o [4]
UserMainLoop             0x800'093d   0x5c  Code  Gb  UserProgram.o [4]
WWDG_IRQHandler          0x800'070b         Code  Wk  startup_stm32f072xb.o [2]
__ICFEDIT_region_RAM_end__ {Abs}
                        0x2000'3fff          --   Gb  <internal module>
__ICFEDIT_region_RAM_start__ {Abs}
                        0x2000'0000          --   Gb  <internal module>
__NVIC_SetPriority       0x800'070d   0x3a  Code  Lc  stm32f0xx_hal_cortex.o [3]
__aeabi_idiv0            0x800'0799         Code  Gb  IntDivZer.o [6]
__cmain                  0x800'10e9         Code  Gb  cmain.o [6]
__exit                   0x800'1121   0x14  Code  Gb  exit.o [7]
__iar_copy_init3         0x800'106d   0x30  Code  Gb  copy_init3.o [6]
__iar_data_init3         0x800'109d   0x28  Code  Gb  data_init.o [6]
__iar_program_start      0x800'1135         Code  Gb  cstartup_M.o [6]
__iar_small_Memset4_word
                         0x800'0ce5         Code  Gb  ABImemset_small.o [6]
__iar_small_Memset_word
                         0x800'0ce5         Code  Gb  ABImemset_small.o [6]
__iar_small_memclr       0x800'0ce1         Code  Gb  ABImemset_small.o [6]
__iar_small_memclr4      0x800'0ce1         Code  Gb  ABImemset_small.o [6]
__iar_small_memclr8      0x800'0ce1         Code  Gb  ABImemset_small.o [6]
__iar_small_memset       0x800'0ce5         Code  Gb  ABImemset_small.o [6]
__iar_small_memset4      0x800'0ce5         Code  Gb  ABImemset_small.o [6]
__iar_small_memset8      0x800'0ce5         Code  Gb  ABImemset_small.o [6]
__iar_small_uidiv        0x800'06d5         Code  Gb  I32DivMod.o [6]
__iar_small_uidivmod     0x800'06d5         Code  Gb  I32DivMod.o [6]
__iar_zero_init3         0x800'1031   0x3c  Code  Gb  zero_init3.o [6]
__low_level_init         0x800'1107    0x4  Code  Gb  low_level_init.o [5]
__vector_table           0x800'0000         Data  Gb  startup_stm32f072xb.o [2]
_call_main               0x800'10f5         Code  Gb  cmain.o [6]
_exit                    0x800'1115         Code  Gb  cexit.o [6]
exit                     0x800'110b    0x8  Code  Gb  exit.o [5]
main                     0x800'0ea5   0x2e  Code  Gb  main.o [4]
modbus                  0x2000'0238    0x8  Data  Gb  MyModbusRtu.o [4]
my_usart                0x2000'0010  0x208  Data  Gb  MyUSART.o [4]
program_state           0x2000'0218   0x20  Data  Gb  UserProgram.o [4]
state_button            0x2000'0240    0x2  Data  Gb  UserProgram.o [4]
uwTick                  0x2000'0004    0x4  Data  Gb  stm32f0xx_hal.o [3]
uwTickFreq              0x2000'0000    0x1  Data  Gb  stm32f0xx_hal.o [3]
uwTickPrio              0x2000'0008    0x4  Data  Gb  stm32f0xx_hal.o [3]


[1] = C:\Users\artem\source\repos\Master2\STM32\EWARM\Testing\Obj\CMSIS_6603591812247902717.dir
[2] = C:\Users\artem\source\repos\Master2\STM32\EWARM\Testing\Obj\EWARM_18443280873093131863.dir
[3] = C:\Users\artem\source\repos\Master2\STM32\EWARM\Testing\Obj\STM32F0xx_HAL_Driver_12736992878974344111.dir
[4] = C:\Users\artem\source\repos\Master2\STM32\EWARM\Testing\Obj\src_5429682818773648819.dir
[5] = dl6M_tln.a
[6] = rt6M_tl.a
[7] = shb_l.a

  4'482 bytes of readonly  code memory
     52 bytes of readonly  data memory
  1'602 bytes of readwrite data memory

Errors: none
Warnings: none
